../drivers/Src/stm32f103xx_rcc_driver.c:4:13:RCC_CIR_Reset	4	static
../drivers/Src/stm32f103xx_rcc_driver.c:12:13:RCC_Peripheral_Reset	16	static
../drivers/Src/stm32f103xx_rcc_driver.c:25:13:RCC_PeripheralClock_Reset	16	static
../drivers/Src/stm32f103xx_rcc_driver.c:40:6:RCC_DeInit	8	static
../drivers/Src/stm32f103xx_rcc_driver.c:65:6:RCC_OscConfig	16	static
../drivers/Src/stm32f103xx_rcc_driver.c:133:6:RCC_ClockConfig	16	static
../drivers/Src/stm32f103xx_rcc_driver.c:148:10:RCC_GetSysClockFreq	16	static
../drivers/Src/stm32f103xx_rcc_driver.c:171:10:RCC_GetHClockFreq	16	static
../drivers/Src/stm32f103xx_rcc_driver.c:188:10:RCC_GetPClock1Freq	16	static
../drivers/Src/stm32f103xx_rcc_driver.c:202:10:RCC_GetPClock2Freq	16	static
../drivers/Src/stm32f103xx_rcc_driver.c:216:6:RCC_ADCClockConfig	16	static
../drivers/Src/stm32f103xx_rcc_driver.c:221:10:RCC_GetADCClockFreq	16	static
../drivers/Src/stm32f103xx_rcc_driver.c:228:6:RCC_EnableCSS	4	static
../drivers/Src/stm32f103xx_rcc_driver.c:232:6:RCC_DisableCSS	4	static
../drivers/Src/stm32f103xx_rcc_driver.c:236:6:RCC_MCO_Config	16	static
../drivers/Src/stm32f103xx_rcc_driver.c:250:6:RCC_MCO_DeInit	4	static
