../drivers/Src/stm32f103xx_gpio_drivers.c:28:6:GPIO_PeriClockControl	16	static
../drivers/Src/stm32f103xx_gpio_drivers.c:62:6:AlternativeMode_Init	32	static
../drivers/Src/stm32f103xx_gpio_drivers.c:96:6:GPIO_Init	32	static
../drivers/Src/stm32f103xx_gpio_drivers.c:190:6:GPIO_DeInit	16	static
../drivers/Src/stm32f103xx_gpio_drivers.c:225:9:GPIO_ReadPin	24	static
../drivers/Src/stm32f103xx_gpio_drivers.c:232:10:GPIO_ReadPort	24	static
../drivers/Src/stm32f103xx_gpio_drivers.c:239:6:GPIO_WritePin	16	static
../drivers/Src/stm32f103xx_gpio_drivers.c:253:6:GPIO_WritePort	16	static
../drivers/Src/stm32f103xx_gpio_drivers.c:258:6:GPIO_Toggle	16	static
../drivers/Src/stm32f103xx_gpio_drivers.c:263:6:GPIO_IRQHandling	16	static
../drivers/Src/stm32f103xx_gpio_drivers.c:270:6:EXTI0_IRQHandler	8	static
../drivers/Src/stm32f103xx_gpio_drivers.c:275:6:EXTI1_IRQHandler	8	static
../drivers/Src/stm32f103xx_gpio_drivers.c:280:6:EXTI2_IRQHandler	8	static
../drivers/Src/stm32f103xx_gpio_drivers.c:285:6:EXTI3_IRQHandler	8	static
../drivers/Src/stm32f103xx_gpio_drivers.c:290:6:EXTI4_IRQHandler	8	static
../drivers/Src/stm32f103xx_gpio_drivers.c:295:6:EXTI9_5_IRQHandler	16	static
../drivers/Src/stm32f103xx_gpio_drivers.c:310:6:EXTI15_10_IRQHandler	16	static
../drivers/Src/stm32f103xx_gpio_drivers.c:325:13:GPIO_ExternalInterruptEventsCallback	16	static
