../drivers_2/Src/STK_program.c:30:6:STK_voidInit	4	static
../drivers_2/Src/STK_program.c:56:6:STK_voidSetBusyWait	16	static
../drivers_2/Src/STK_program.c:89:7:STK_voidSetIntervalSingle	16	static
../drivers_2/Src/STK_program.c:123:7:STK_voidSetIntervalPeriodic	16	static
../drivers_2/Src/STK_program.c:144:6:STK_voidStopInterval	4	static
../drivers_2/Src/STK_program.c:157:8:STK_u32GetElapedTime	16	static
../drivers_2/Src/STK_program.c:169:8:STK_u32GetRemainingTime	16	static
../drivers_2/Src/STK_program.c:181:6:SysTick_Handler	16	static
../drivers_2/Src/STK_program.c:211:6:STK_voidDelay_ms	16	static
../drivers_2/Src/STK_program.c:233:6:STK_voidStartTimer	16	static
../drivers_2/Src/STK_program.c:245:6:overflow_micros	16	static
../drivers_2/Src/STK_program.c:251:6:STK_voidStartMicros	8	static
../drivers_2/Src/STK_program.c:256:8:Micros	24	static
../drivers_2/Src/STK_program.c:263:6:overflow_millis	16	static
../drivers_2/Src/STK_program.c:270:6:STK_voidStartMillis	8	static
../drivers_2/Src/STK_program.c:276:8:Millis	24	static
