Archive member included to satisfy reference by file (symbol)

/opt/st/stm32cubeide_1.19.0/plugins/com.st.stm32cube.ide.mcu.externaltools.gnu-tools-for-stm32.13.3.rel1.linux64_1.0.0.202410170706/tools/bin/../lib/gcc/arm-none-eabi/13.3.1/../../../../arm-none-eabi/lib/thumb/v7-m/nofp/libc_nano.a(libc_a-exit.o)
                              /opt/st/stm32cubeide_1.19.0/plugins/com.st.stm32cube.ide.mcu.externaltools.gnu-tools-for-stm32.13.3.rel1.linux64_1.0.0.202410170706/tools/bin/../lib/gcc/arm-none-eabi/13.3.1/../../../../arm-none-eabi/lib/thumb/v7-m/nofp/crt0.o (exit)
/opt/st/stm32cubeide_1.19.0/plugins/com.st.stm32cube.ide.mcu.externaltools.gnu-tools-for-stm32.13.3.rel1.linux64_1.0.0.202410170706/tools/bin/../lib/gcc/arm-none-eabi/13.3.1/../../../../arm-none-eabi/lib/thumb/v7-m/nofp/libc_nano.a(libc_a-findfp.o)
                              /opt/st/stm32cubeide_1.19.0/plugins/com.st.stm32cube.ide.mcu.externaltools.gnu-tools-for-stm32.13.3.rel1.linux64_1.0.0.202410170706/tools/bin/../lib/gcc/arm-none-eabi/13.3.1/../../../../arm-none-eabi/lib/thumb/v7-m/nofp/libc_nano.a(libc_a-exit.o) (__stdio_exit_handler)
/opt/st/stm32cubeide_1.19.0/plugins/com.st.stm32cube.ide.mcu.externaltools.gnu-tools-for-stm32.13.3.rel1.linux64_1.0.0.202410170706/tools/bin/../lib/gcc/arm-none-eabi/13.3.1/../../../../arm-none-eabi/lib/thumb/v7-m/nofp/libc_nano.a(libc_a-fwalk.o)
                              /opt/st/stm32cubeide_1.19.0/plugins/com.st.stm32cube.ide.mcu.externaltools.gnu-tools-for-stm32.13.3.rel1.linux64_1.0.0.202410170706/tools/bin/../lib/gcc/arm-none-eabi/13.3.1/../../../../arm-none-eabi/lib/thumb/v7-m/nofp/libc_nano.a(libc_a-findfp.o) (_fwalk_sglue)
/opt/st/stm32cubeide_1.19.0/plugins/com.st.stm32cube.ide.mcu.externaltools.gnu-tools-for-stm32.13.3.rel1.linux64_1.0.0.202410170706/tools/bin/../lib/gcc/arm-none-eabi/13.3.1/../../../../arm-none-eabi/lib/thumb/v7-m/nofp/libc_nano.a(libc_a-stdio.o)
                              /opt/st/stm32cubeide_1.19.0/plugins/com.st.stm32cube.ide.mcu.externaltools.gnu-tools-for-stm32.13.3.rel1.linux64_1.0.0.202410170706/tools/bin/../lib/gcc/arm-none-eabi/13.3.1/../../../../arm-none-eabi/lib/thumb/v7-m/nofp/libc_nano.a(libc_a-findfp.o) (__sread)
/opt/st/stm32cubeide_1.19.0/plugins/com.st.stm32cube.ide.mcu.externaltools.gnu-tools-for-stm32.13.3.rel1.linux64_1.0.0.202410170706/tools/bin/../lib/gcc/arm-none-eabi/13.3.1/../../../../arm-none-eabi/lib/thumb/v7-m/nofp/libc_nano.a(libc_a-memset.o)
                              /opt/st/stm32cubeide_1.19.0/plugins/com.st.stm32cube.ide.mcu.externaltools.gnu-tools-for-stm32.13.3.rel1.linux64_1.0.0.202410170706/tools/bin/../lib/gcc/arm-none-eabi/13.3.1/../../../../arm-none-eabi/lib/thumb/v7-m/nofp/crt0.o (memset)
/opt/st/stm32cubeide_1.19.0/plugins/com.st.stm32cube.ide.mcu.externaltools.gnu-tools-for-stm32.13.3.rel1.linux64_1.0.0.202410170706/tools/bin/../lib/gcc/arm-none-eabi/13.3.1/../../../../arm-none-eabi/lib/thumb/v7-m/nofp/libc_nano.a(libc_a-closer.o)
                              /opt/st/stm32cubeide_1.19.0/plugins/com.st.stm32cube.ide.mcu.externaltools.gnu-tools-for-stm32.13.3.rel1.linux64_1.0.0.202410170706/tools/bin/../lib/gcc/arm-none-eabi/13.3.1/../../../../arm-none-eabi/lib/thumb/v7-m/nofp/libc_nano.a(libc_a-stdio.o) (_close_r)
/opt/st/stm32cubeide_1.19.0/plugins/com.st.stm32cube.ide.mcu.externaltools.gnu-tools-for-stm32.13.3.rel1.linux64_1.0.0.202410170706/tools/bin/../lib/gcc/arm-none-eabi/13.3.1/../../../../arm-none-eabi/lib/thumb/v7-m/nofp/libc_nano.a(libc_a-reent.o)
                              /opt/st/stm32cubeide_1.19.0/plugins/com.st.stm32cube.ide.mcu.externaltools.gnu-tools-for-stm32.13.3.rel1.linux64_1.0.0.202410170706/tools/bin/../lib/gcc/arm-none-eabi/13.3.1/../../../../arm-none-eabi/lib/thumb/v7-m/nofp/libc_nano.a(libc_a-closer.o) (errno)
/opt/st/stm32cubeide_1.19.0/plugins/com.st.stm32cube.ide.mcu.externaltools.gnu-tools-for-stm32.13.3.rel1.linux64_1.0.0.202410170706/tools/bin/../lib/gcc/arm-none-eabi/13.3.1/../../../../arm-none-eabi/lib/thumb/v7-m/nofp/libc_nano.a(libc_a-impure.o)
                              /opt/st/stm32cubeide_1.19.0/plugins/com.st.stm32cube.ide.mcu.externaltools.gnu-tools-for-stm32.13.3.rel1.linux64_1.0.0.202410170706/tools/bin/../lib/gcc/arm-none-eabi/13.3.1/../../../../arm-none-eabi/lib/thumb/v7-m/nofp/libc_nano.a(libc_a-reent.o) (_impure_ptr)
/opt/st/stm32cubeide_1.19.0/plugins/com.st.stm32cube.ide.mcu.externaltools.gnu-tools-for-stm32.13.3.rel1.linux64_1.0.0.202410170706/tools/bin/../lib/gcc/arm-none-eabi/13.3.1/../../../../arm-none-eabi/lib/thumb/v7-m/nofp/libc_nano.a(libc_a-lseekr.o)
                              /opt/st/stm32cubeide_1.19.0/plugins/com.st.stm32cube.ide.mcu.externaltools.gnu-tools-for-stm32.13.3.rel1.linux64_1.0.0.202410170706/tools/bin/../lib/gcc/arm-none-eabi/13.3.1/../../../../arm-none-eabi/lib/thumb/v7-m/nofp/libc_nano.a(libc_a-stdio.o) (_lseek_r)
[...]
Memory Configuration

Name             Origin             Length             Attributes
RAM              0x20000000         0x00005000         xrw
FLASH            0x08002c00         0x0000d400         xr
*default*        0x00000000         0xffffffff

Linker script and memory map

LOAD /opt/st/stm32cubeide_1.19.0/plugins/com.st.stm32cube.ide.mcu.externaltools.gnu-tools-for-stm32.13.3.rel1.linux64_1.0.0.202410170706/tools/bin/../lib/gcc/arm-none-eabi/13.3.1/thumb/v7-m/nofp/crti.o
LOAD /opt/st/stm32cubeide_1.19.0/plugins/com.st.stm32cube.ide.mcu.externaltools.gnu-tools-for-stm32.13.3.rel1.linux64_1.0.0.202410170706/tools/bin/../lib/gcc/arm-none-eabi/13.3.1/thumb/v7-m/nofp/crtbegin.o
LOAD /opt/st/stm32cubeide_1.19.0/plugins/com.st.stm32cube.ide.mcu.externaltools.gnu-tools-for-stm32.13.3.rel1.linux64_1.0.0.202410170706/tools/bin/../lib/gcc/arm-none-eabi/13.3.1/../../../../arm-none-eabi/lib/thumb/v7-m/nofp/crt0.o
LOAD ./Src/main.o
LOAD ./Src/syscalls.o
LOAD ./Src/sysmem.o
LOAD ./Startup/startup_stm32f103c8tx.o
LOAD ./drivers/Src/stm32f103xx_gpio_driver.o
LOAD ./drivers/Src/stm32f103xx_i2c_driver.o
LOAD ./drivers/Src/stm32f103xx_rcc_driver.o
LOAD ./drivers/Src/stm32f103xx_spi_driver.o
LOAD ./drivers/Src/stm32f103xx_usart.o
LOAD ./drivers_2/Src/FPEC_program.o
LOAD ./drivers_2/Src/GPIO_program.o
LOAD ./drivers_2/Src/RCC_program.o
LOAD ./drivers_2/Src/STK_program.o
LOAD ./drivers_2/Src/UART_program.o
START GROUP
LOAD /opt/st/stm32cubeide_1.19.0/plugins/com.st.stm32cube.ide.mcu.externaltools.gnu-tools-for-stm32.13.3.rel1.linux64_1.0.0.202410170706/tools/bin/../lib/gcc/arm-none-eabi/13.3.1/../../../../arm-none-eabi/lib/thumb/v7-m/nofp/libc_nano.a
LOAD /opt/st/stm32cubeide_1.19.0/plugins/com.st.stm32cube.ide.mcu.externaltools.gnu-tools-for-stm32.13.3.rel1.linux64_1.0.0.202410170706/tools/bin/../lib/gcc/arm-none-eabi/13.3.1/../../../../arm-none-eabi/lib/thumb/v7-m/nofp/libm.a
END GROUP
START GROUP
LOAD /opt/st/stm32cubeide_1.19.0/plugins/com.st.stm32cube.ide.mcu.externaltools.gnu-tools-for-stm32.13.3.rel1.linux64_1.0.0.202410170706/tools/bin/../lib/gcc/arm-none-eabi/13.3.1/thumb/v7-m/nofp/libgcc.a
LOAD /opt/st/stm32cubeide_1.19.0/plugins/com.st.stm32cube.ide.mcu.externaltools.gnu-tools-for-stm32.13.3.rel1.linux64_1.0.0.202410170706/tools/bin/../lib/gcc/arm-none-eabi/13.3.1/../../../../arm-none-eabi/lib/thumb/v7-m/nofp/libc_nano.a
END GROUP
START GROUP
LOAD /opt/st/stm32cubeide_1.19.0/plugins/com.st.stm32cube.ide.mcu.externaltools.gnu-tools-for-stm32.13.3.rel1.linux64_1.0.0.202410170706/tools/bin/../lib/gcc/arm-none-eabi/13.3.1/thumb/v7-m/nofp/libgcc.a
LOAD /opt/st/stm32cubeide_1.19.0/plugins/com.st.stm32cube.ide.mcu.externaltools.gnu-tools-for-stm32.13.3.rel1.linux64_1.0.0.202410170706/tools/bin/../lib/gcc/arm-none-eabi/13.3.1/../../../../arm-none-eabi/lib/thumb/v7-m/nofp/libc_nano.a
LOAD /opt/st/stm32cubeide_1.19.0/plugins/com.st.stm32cube.ide.mcu.externaltools.gnu-tools-for-stm32.13.3.rel1.linux64_1.0.0.202410170706/tools/bin/../lib/gcc/arm-none-eabi/13.3.1/../../../../arm-none-eabi/lib/thumb/v7-m/nofp/libnosys.a
END GROUP
START GROUP
LOAD /opt/st/stm32cubeide_1.19.0/plugins/com.st.stm32cube.ide.mcu.externaltools.gnu-tools-for-stm32.13.3.rel1.linux64_1.0.0.202410170706/tools/bin/../lib/gcc/arm-none-eabi/13.3.1/thumb/v7-m/nofp/libgcc.a
LOAD /opt/st/stm32cubeide_1.19.0/plugins/com.st.stm32cube.ide.mcu.externaltools.gnu-tools-for-stm32.13.3.rel1.linux64_1.0.0.202410170706/tools/bin/../lib/gcc/arm-none-eabi/13.3.1/../../../../arm-none-eabi/lib/thumb/v7-m/nofp/libc_nano.a
LOAD /opt/st/stm32cubeide_1.19.0/plugins/com.st.stm32cube.ide.mcu.externaltools.gnu-tools-for-stm32.13.3.rel1.linux64_1.0.0.202410170706/tools/bin/../lib/gcc/arm-none-eabi/13.3.1/../../../../arm-none-eabi/lib/thumb/v7-m/nofp/libnosys.a
END GROUP
LOAD /opt/st/stm32cubeide_1.19.0/plugins/com.st.stm32cube.ide.mcu.externaltools.gnu-tools-for-stm32.13.3.rel1.linux64_1.0.0.202410170706/tools/bin/../lib/gcc/arm-none-eabi/13.3.1/thumb/v7-m/nofp/crtend.o
LOAD /opt/st/stm32cubeide_1.19.0/plugins/com.st.stm32cube.ide.mcu.externaltools.gnu-tools-for-stm32.13.3.rel1.linux64_1.0.0.202410170706/tools/bin/../lib/gcc/arm-none-eabi/13.3.1/thumb/v7-m/nofp/crtn.o
                0x20005000                        _estack = (ORIGIN (RAM) + LENGTH (RAM))
                0x00000200                        _Min_Heap_Size = 0x200
                0x00000400                        _Min_Stack_Size = 0x400

.isr_vector     0x08002c00      0x130
                0x08002c00                        . = ALIGN (0x4)
 *(.isr_vector)
 .isr_vector    0x08002c00      0x130 ./Startup/startup_stm32f103c8tx.o
                0x08002c00                g_pfnVectors
                0x08002d30                        . = ALIGN (0x4)

.text           0x08002d30      0xd18
                0x08002d30                        . = ALIGN (0x4)
 *(.text)
 .text          0x08002d30       0x40 /opt/st/stm32cubeide_1.19.0/plugins/com.st.stm32cube.ide.mcu.externaltools.gnu-tools-for-stm32.13.3.rel1.linux64_1.0.0.202410170706/tools/bin/../lib/gcc/arm-none-eabi/13.3.1/thumb/v7-m/nofp/crtbegin.o
 *(.text*)
 .text.SystemClock_Setup_72MHz
                0x08002d70       0x94 ./Src/main.o
                0x08002d70                SystemClock_Setup_72MHz
 .text.GPIO_Setup
                0x08002e04       0x80 ./Src/main.o
                0x08002e04                GPIO_Setup
 .text.USART1_Setup
                0x08002e84       0x54 ./Src/main.o
                0x08002e84                USART1_Setup
 .text.Flash_WaitBusy
                0x08002ed8       0x20 ./Src/main.o
                0x08002ed8                Flash_WaitBusy
 .text.Flash_Unlock
                0x08002ef8       0x30 ./Src/main.o
                0x08002ef8                Flash_Unlock
 .text.Flash_Lock
                0x08002f28       0x1c ./Src/main.o
                0x08002f28                Flash_Lock
 .text.Flash_ErasePage
                0x08002f44       0x48 ./Src/main.o
                0x08002f44                Flash_ErasePage
 .text.Flash_WriteHalfWord
                0x08002f8c       0x40 ./Src/main.o
                0x08002f8c                Flash_WriteHalfWord
 .text.UART_SendByte
                0x08002fcc       0x3c ./Src/main.o
                0x08002fcc                UART_SendByte
 .text.UART_ReadByte
                0x08003008       0x24 ./Src/main.o
                0x08003008                UART_ReadByte
 .text.JumpToApplication
                0x0800302c       0x64 ./Src/main.o
                0x0800302c                JumpToApplication
 .text.main     0x08003090      0x2c4 ./Src/main.o
                0x08003090                main
 .text.Reset_Handler
                0x08003354       0x50 ./Startup/startup_stm32f103c8tx.o
                0x08003354                Reset_Handler
 .text.Default_Handler
                0x080033a4        0x2 ./Startup/startup_stm32f103c8tx.o
                0x080033a4                EXTI2_IRQHandler
                0x080033a4                TIM8_TRG_COM_IRQHandler
                0x080033a4                TIM8_CC_IRQHandler
                0x080033a4                DebugMon_Handler
                0x080033a4                TIM1_CC_IRQHandler
                0x080033a4                HardFault_Handler
                0x080033a4                TIM6_IRQHandler
                0x080033a4                PVD_IRQHandler
                0x080033a4                SDIO_IRQHandler
                0x080033a4                PendSV_Handler
                0x080033a4                NMI_Handler
                0x080033a4                EXTI3_IRQHandler
                0x080033a4                USB_HP_CAN_TX_IRQHandler
                0x080033a4                EXTI0_IRQHandler
                0x080033a4                I2C2_EV_IRQHandler
                0x080033a4                UsageFault_Handler
                0x080033a4                ADC1_2_IRQHandler
                0x080033a4                SPI1_IRQHandler
                0x080033a4                CAN_SCE_IRQHandler
                0x080033a4                TAMPER_IRQHandler
                0x080033a4                TIM8_UP_IRQHandler
                0x080033a4                DMA2_Channel2_IRQHandler
                0x080033a4                DMA1_Channel4_IRQHandler
                0x080033a4                USART3_IRQHandler
                0x080033a4                RTC_IRQHandler
                0x080033a4                DMA1_Channel7_IRQHandler
                0x080033a4                UART5_IRQHandler
                0x080033a4                ADC3_IRQHandler
                0x080033a4                TIM4_IRQHandler
                0x080033a4                CAN_RX1_IRQHandler
                0x080033a4                DMA2_Channel1_IRQHandler
                0x080033a4                I2C1_EV_IRQHandler
                0x080033a4                DMA1_Channel6_IRQHandler
                0x080033a4                UART4_IRQHandler
                0x080033a4                TIM3_IRQHandler
                0x080033a4                RCC_IRQHandler
                0x080033a4                TIM1_TRG_COM_IRQHandler
                0x080033a4                DMA1_Channel1_IRQHandler
                0x080033a4                Default_Handler
                0x080033a4                EXTI15_10_IRQHandler
                0x080033a4                TIM7_IRQHandler
                0x080033a4                TIM5_IRQHandler
                0x080033a4                EXTI9_5_IRQHandler
                0x080033a4                SPI2_IRQHandler
                0x080033a4                USB_LP_CAN_RX0_IRQHandler
                0x080033a4                MemManage_Handler
                0x080033a4                SVC_Handler
                0x080033a4                DMA1_Channel5_IRQHandler
                0x080033a4                EXTI4_IRQHandler
                0x080033a4                DMA1_Channel3_IRQHandler
                0x080033a4                FSMC_IRQHandler
                0x080033a4                TIM1_UP_IRQHandler
                0x080033a4                WWDG_IRQHandler
                0x080033a4                TIM2_IRQHandler
                0x080033a4                TIM1_BRK_IRQHandler
                0x080033a4                EXTI1_IRQHandler
                0x080033a4                RTCAlarm_IRQHandler
                0x080033a4                DMA2_Channel4_5_IRQHandler
                0x080033a4                USART2_IRQHandler
                0x080033a4                I2C2_ER_IRQHandler
                0x080033a4                DMA1_Channel2_IRQHandler
                0x080033a4                TIM8_BRK_IRQHandler
                0x080033a4                FLASH_IRQHandler
                0x080033a4                BusFault_Handler
                0x080033a4                USART1_IRQHandler
                0x080033a4                SPI3_IRQHandler
                0x080033a4                I2C1_ER_IRQHandler
                0x080033a4                DMA2_Channel3_IRQHandler
 *fill*         0x080033a6        0x2 
 .text.GPIO_PeriClockControl
                0x080033a8       0xa0 ./drivers/Src/stm32f103xx_gpio_driver.o
                0x080033a8                GPIO_PeriClockControl
 .text.GPIO_Init
                0x08003448       0xbe ./drivers/Src/stm32f103xx_gpio_driver.o
                0x08003448                GPIO_Init
 .text.GPIO_WriteToOutputPin
                0x08003506       0x48 ./drivers/Src/stm32f103xx_gpio_driver.o
                0x08003506                GPIO_WriteToOutputPin
 .text.GPIO_ToggleOutputPin
                0x0800354e       0x28 ./drivers/Src/stm32f103xx_gpio_driver.o
                0x0800354e                GPIO_ToggleOutputPin
 *fill*         0x08003576        0x2 
 .text.RCC_GetPCLK1Value
                0x08003578       0xb0 ./drivers/Src/stm32f103xx_rcc_driver.o
                0x08003578                RCC_GetPCLK1Value
 .text.RCC_GetPCLK2Value
                0x08003628       0xa0 ./drivers/Src/stm32f103xx_rcc_driver.o
                0x08003628                RCC_GetPCLK2Value
 .text.RCC_GetPLLOutputClock
                0x080036c8        0xe ./drivers/Src/stm32f103xx_rcc_driver.o
                0x080036c8                RCC_GetPLLOutputClock
 *fill*         0x080036d6        0x2 
 .text.USART_SetBaudRate
                0x080036d8       0xc0 ./drivers/Src/stm32f103xx_usart.o
                0x080036d8                USART_SetBaudRate
 .text.USART_PeriClockControl
                0x08003798       0xa0 ./drivers/Src/stm32f103xx_usart.o
                0x08003798                USART_PeriClockControl
 .text.USART_Init
                0x08003838      0x10a ./drivers/Src/stm32f103xx_usart.o
                0x08003838                USART_Init
 .text.USART_PeripheralControl
                0x08003942       0x36 ./drivers/Src/stm32f103xx_usart.o
                0x08003942                USART_PeripheralControl
 .text.STK_voidStopInterval
                0x08003978       0x34 ./drivers_2/Src/STK_program.o
                0x08003978                STK_voidStopInterval
 .text.SysTick_Handler
                0x080039ac       0x3c ./drivers_2/Src/STK_program.o
                0x080039ac                SysTick_Handler
 .text.__libc_init_array
                0x080039e8       0x48 /opt/st/stm32cubeide_1.19.0/plugins/com.st.stm32cube.ide.mcu.externaltools.gnu-tools-for-stm32.13.3.rel1.linux64_1.0.0.202410170706/tools/bin/../lib/gcc/arm-none-eabi/13.3.1/../../../../arm-none-eabi/lib/thumb/v7-m/nofp/libc_nano.a(libc_a-init.o)
                0x080039e8                __libc_init_array
 *(.glue_7)
 .glue_7        0x08003a30        0x0 linker stubs
 *(.glue_7t)
 .glue_7t       0x08003a30        0x0 linker stubs
 *(.eh_frame)
 .eh_frame      0x08003a30        0x0 /opt/st/stm32cubeide_1.19.0/plugins/com.st.stm32cube.ide.mcu.externaltools.gnu-tools-for-stm32.13.3.rel1.linux64_1.0.0.202410170706/tools/bin/../lib/gcc/arm-none-eabi/13.3.1/thumb/v7-m/nofp/crtbegin.o
 *(.init)
 .init          0x08003a30        0x4 /opt/st/stm32cubeide_1.19.0/plugins/com.st.stm32cube.ide.mcu.externaltools.gnu-tools-for-stm32.13.3.rel1.linux64_1.0.0.202410170706/tools/bin/../lib/gcc/arm-none-eabi/13.3.1/thumb/v7-m/nofp/crti.o
                0x08003a30                _init
 .init          0x08003a34        0x8 /opt/st/stm32cubeide_1.19.0/plugins/com.st.stm32cube.ide.mcu.externaltools.gnu-tools-for-stm32.13.3.rel1.linux64_1.0.0.202410170706/tools/bin/../lib/gcc/arm-none-eabi/13.3.1/thumb/v7-m/nofp/crtn.o
 *(.fini)
 .fini          0x08003a3c        0x4 /opt/st/stm32cubeide_1.19.0/plugins/com.st.stm32cube.ide.mcu.externaltools.gnu-tools-for-stm32.13.3.rel1.linux64_1.0.0.202410170706/tools/bin/../lib/gcc/arm-none-eabi/13.3.1/thumb/v7-m/nofp/crti.o
                0x08003a3c                _fini
 .fini          0x08003a40        0x8 /opt/st/stm32cubeide_1.19.0/plugins/com.st.stm32cube.ide.mcu.externaltools.gnu-tools-for-stm32.13.3.rel1.linux64_1.0.0.202410170706/tools/bin/../lib/gcc/arm-none-eabi/13.3.1/thumb/v7-m/nofp/crtn.o
                0x08003a48                        . = ALIGN (0x4)
                0x08003a48                        _etext = .

.vfp11_veneer   0x08003a48        0x0
 .vfp11_veneer  0x08003a48        0x0 linker stubs

.v4_bx          0x08003a48        0x0
 .v4_bx         0x08003a48        0x0 linker stubs

.iplt           0x08003a48        0x0
 .iplt          0x08003a48        0x0 /opt/st/stm32cubeide_1.19.0/plugins/com.st.stm32cube.ide.mcu.externaltools.gnu-tools-for-stm32.13.3.rel1.linux64_1.0.0.202410170706/tools/bin/../lib/gcc/arm-none-eabi/13.3.1/thumb/v7-m/nofp/crtbegin.o

.rodata         0x08003a48        0x0
                0x08003a48                        . = ALIGN (0x4)
 *(.rodata)
 *(.rodata*)
                0x08003a48                        . = ALIGN (0x4)

.ARM.extab      0x08003a48        0x0
                0x08003a48                        . = ALIGN (0x4)
 *(.ARM.extab* .gnu.linkonce.armextab.*)
                0x08003a48                        . = ALIGN (0x4)

.ARM            0x08003a48        0x0
                0x08003a48                        . = ALIGN (0x4)
                0x08003a48                        __exidx_start = .
 *(.ARM.exidx*)
                0x08003a48                        __exidx_end = .
                0x08003a48                        . = ALIGN (0x4)

.preinit_array  0x08003a48        0x0
                0x08003a48                        . = ALIGN (0x4)
                0x08003a48                        PROVIDE (__preinit_array_start = .)
 *(.preinit_array*)
                0x08003a48                        PROVIDE (__preinit_array_end = .)
                0x08003a48                        . = ALIGN (0x4)

.init_array     0x08003a48        0x4
                0x08003a48                        . = ALIGN (0x4)
                0x08003a48                        PROVIDE (__init_array_start = .)
 *(SORT_BY_NAME(.init_array.*))
 *(.init_array*)
 .init_array    0x08003a48        0x4 /opt/st/stm32cubeide_1.19.0/plugins/com.st.stm32cube.ide.mcu.externaltools.gnu-tools-for-stm32.13.3.rel1.linux64_1.0.0.202410170706/tools/bin/../lib/gcc/arm-none-eabi/13.3.1/thumb/v7-m/nofp/crtbegin.o
                0x08003a4c                        PROVIDE (__init_array_end = .)
                0x08003a4c                        . = ALIGN (0x4)

.fini_array     0x08003a4c        0x4
                0x08003a4c                        . = ALIGN (0x4)
                [!provide]                        PROVIDE (__fini_array_start = .)
 *(SORT_BY_NAME(.fini_array.*))
 *(.fini_array*)
 .fini_array    0x08003a4c        0x4 /opt/st/stm32cubeide_1.19.0/plugins/com.st.stm32cube.ide.mcu.externaltools.gnu-tools-for-stm32.13.3.rel1.linux64_1.0.0.202410170706/tools/bin/../lib/gcc/arm-none-eabi/13.3.1/thumb/v7-m/nofp/crtbegin.o
                [!provide]                        PROVIDE (__fini_array_end = .)
                0x08003a50                        . = ALIGN (0x4)
                0x08003a50                        _sidata = LOADADDR (.data)

.rel.dyn        0x08003a50        0x0
 .rel.iplt      0x08003a50        0x0 /opt/st/stm32cubeide_1.19.0/plugins/com.st.stm32cube.ide.mcu.externaltools.gnu-tools-for-stm32.13.3.rel1.linux64_1.0.0.202410170706/tools/bin/../lib/gcc/arm-none-eabi/13.3.1/thumb/v7-m/nofp/crtbegin.o

.data           0x20000000       0x14 load address 0x08003a50
                0x20000000                        . = ALIGN (0x4)
                0x20000000                        _sdata = .
 *(.data)
 *(.data*)
 .data.AHB_PreScaler
                0x20000000       0x10 ./drivers/Src/stm32f103xx_rcc_driver.o
                0x20000000                AHB_PreScaler
 .data.APB1_PreScaler
                0x20000010        0x4 ./drivers/Src/stm32f103xx_rcc_driver.o
                0x20000010                APB1_PreScaler
 *(.RamFunc)
 *(.RamFunc*)
                0x20000014                        . = ALIGN (0x4)
                0x20000014                        _edata = .

.igot.plt       0x20000014        0x0 load address 0x08003a64
 .igot.plt      0x20000014        0x0 /opt/st/stm32cubeide_1.19.0/plugins/com.st.stm32cube.ide.mcu.externaltools.gnu-tools-for-stm32.13.3.rel1.linux64_1.0.0.202410170706/tools/bin/../lib/gcc/arm-none-eabi/13.3.1/thumb/v7-m/nofp/crtbegin.o
                0x20000014                        . = ALIGN (0x4)

.bss            0x20000014       0x48 load address 0x08003a64
                0x20000014                        _sbss = .
                0x20000014                        __bss_start__ = _sbss
 *(.bss)
 .bss           0x20000014       0x1c /opt/st/stm32cubeide_1.19.0/plugins/com.st.stm32cube.ide.mcu.externaltools.gnu-tools-for-stm32.13.3.rel1.linux64_1.0.0.202410170706/tools/bin/../lib/gcc/arm-none-eabi/13.3.1/thumb/v7-m/nofp/crtbegin.o
 *(.bss*)
 .bss.usart1_handle
                0x20000030       0x24 ./Src/main.o
                0x20000030                usart1_handle
 .bss.STK_CallBack
                0x20000054        0x4 ./drivers_2/Src/STK_program.o
 .bss.STk_u8ModeOfInterval
                0x20000058        0x1 ./drivers_2/Src/STK_program.o
 *(COMMON)
                0x2000005c                        . = ALIGN (0x4)
 *fill*         0x20000059        0x3 
                0x2000005c                        _ebss = .
                0x2000005c                        __bss_end__ = _ebss

._user_heap_stack
                0x2000005c      0x604 load address 0x08003a64
                0x20000060                        . = ALIGN (0x8)
 *fill*         0x2000005c        0x4 
                [!provide]                        PROVIDE (end = .)
                0x20000060                        PROVIDE (_end = .)
                0x20000260                        . = (. + _Min_Heap_Size)
 *fill*         0x20000060      0x200 
                0x20000660                        . = (. + _Min_Stack_Size)
 *fill*         0x20000260      0x400 
                0x20000660                        . = ALIGN (0x8)

/DISCARD/
 libc.a(*)
 libm.a(*)
 libgcc.a(*)

.ARM.attributes
                0x00000000       0x29
 *(.ARM.attributes)
 .ARM.attributes
                0x00000000       0x1d /opt/st/stm32cubeide_1.19.0/plugins/com.st.stm32cube.ide.mcu.externaltools.gnu-tools-for-stm32.13.3.rel1.linux64_1.0.0.202410170706/tools/bin/../lib/gcc/arm-none-eabi/13.3.1/thumb/v7-m/nofp/crti.o
 .ARM.attributes
                0x0000001d       0x2d /opt/st/stm32cubeide_1.19.0/plugins/com.st.stm32cube.ide.mcu.externaltools.gnu-tools-for-stm32.13.3.rel1.linux64_1.0.0.202410170706/tools/bin/../lib/gcc/arm-none-eabi/13.3.1/thumb/v7-m/nofp/crtbegin.o
 .ARM.attributes
                0x0000004a       0x2d ./Src/main.o
 .ARM.attributes
                0x00000077       0x21 ./Startup/startup_stm32f103c8tx.o
 .ARM.attributes
                0x00000098       0x2d ./drivers/Src/stm32f103xx_gpio_driver.o
 .ARM.attributes
                0x000000c5       0x2d ./drivers/Src/stm32f103xx_rcc_driver.o
 .ARM.attributes
                0x000000f2       0x2d ./drivers/Src/stm32f103xx_usart.o
 .ARM.attributes
                0x0000011f       0x2d ./drivers_2/Src/STK_program.o
 .ARM.attributes
                0x0000014c       0x2d /opt/st/stm32cubeide_1.19.0/plugins/com.st.stm32cube.ide.mcu.externaltools.gnu-tools-for-stm32.13.3.rel1.linux64_1.0.0.202410170706/tools/bin/../lib/gcc/arm-none-eabi/13.3.1/../../../../arm-none-eabi/lib/thumb/v7-m/nofp/libc_nano.a(libc_a-init.o)
 .ARM.attributes
                0x00000179       0x1d /opt/st/stm32cubeide_1.19.0/plugins/com.st.stm32cube.ide.mcu.externaltools.gnu-tools-for-stm32.13.3.rel1.linux64_1.0.0.202410170706/tools/bin/../lib/gcc/arm-none-eabi/13.3.1/thumb/v7-m/nofp/crtn.o
OUTPUT(BOOTLOADER.elf elf32-littlearm)
LOAD linker stubs
LOAD /opt/st/stm32cubeide_1.19.0/plugins/com.st.stm32cube.ide.mcu.externaltools.gnu-tools-for-stm32.13.3.rel1.linux64_1.0.0.202410170706/tools/bin/../lib/gcc/arm-none-eabi/13.3.1/../../../../arm-none-eabi/lib/thumb/v7-m/nofp/libc.a
LOAD /opt/st/stm32cubeide_1.19.0/plugins/com.st.stm32cube.ide.mcu.externaltools.gnu-tools-for-stm32.13.3.rel1.linux64_1.0.0.202410170706/tools/bin/../lib/gcc/arm-none-eabi/13.3.1/../../../../arm-none-eabi/lib/thumb/v7-m/nofp/libm.a
LOAD /opt/st/stm32cubeide_1.19.0/plugins/com.st.stm32cube.ide.mcu.externaltools.gnu-tools-for-stm32.13.3.rel1.linux64_1.0.0.202410170706/tools/bin/../lib/gcc/arm-none-eabi/13.3.1/thumb/v7-m/nofp/libgcc.a

.debug_info     0x00000000     0x1891
 .debug_info    0x00000000      0x80c ./Src/main.o
 .debug_info    0x0000080c       0x30 ./Startup/startup_stm32f103c8tx.o
 .debug_info    0x0000083c      0x5fb ./drivers/Src/stm32f103xx_gpio_driver.o
 .debug_info    0x00000e37      0x27b ./drivers/Src/stm32f103xx_rcc_driver.o
 .debug_info    0x000010b2      0x492 ./drivers/Src/stm32f103xx_usart.o
 .debug_info    0x00001544      0x34d ./drivers_2/Src/STK_program.o

.debug_abbrev   0x00000000      0x7a5
 .debug_abbrev  0x00000000      0x1ef ./Src/main.o
 .debug_abbrev  0x000001ef       0x24 ./Startup/startup_stm32f103c8tx.o
 .debug_abbrev  0x00000213      0x126 ./drivers/Src/stm32f103xx_gpio_driver.o
 .debug_abbrev  0x00000339      0x113 ./drivers/Src/stm32f103xx_rcc_driver.o
 .debug_abbrev  0x0000044c      0x1a8 ./drivers/Src/stm32f103xx_usart.o
 .debug_abbrev  0x000005f4      0x1b1 ./drivers_2/Src/STK_program.o

.debug_aranges  0x00000000      0x230
 .debug_aranges
                0x00000000       0x78 ./Src/main.o
 .debug_aranges
                0x00000078       0x28 ./Startup/startup_stm32f103c8tx.o
 .debug_aranges
                0x000000a0       0x78 ./drivers/Src/stm32f103xx_gpio_driver.o
 .debug_aranges
                0x00000118       0x30 ./drivers/Src/stm32f103xx_rcc_driver.o
 .debug_aranges
                0x00000148       0x50 ./drivers/Src/stm32f103xx_usart.o
 .debug_aranges
                0x00000198       0x98 ./drivers_2/Src/STK_program.o

.debug_rnglists
                0x00000000      0x195
 .debug_rnglists
                0x00000000       0x58 ./Src/main.o
 .debug_rnglists
                0x00000058       0x19 ./Startup/startup_stm32f103c8tx.o
 .debug_rnglists
                0x00000071       0x5a ./drivers/Src/stm32f103xx_gpio_driver.o
 .debug_rnglists
                0x000000cb       0x21 ./drivers/Src/stm32f103xx_rcc_driver.o
 .debug_rnglists
                0x000000ec       0x3c ./drivers/Src/stm32f103xx_usart.o
 .debug_rnglists
                0x00000128       0x6d ./drivers_2/Src/STK_program.o

.debug_macro    0x00000000     0x28b1
 .debug_macro   0x00000000      0x1f8 ./Src/main.o
 .debug_macro   0x000001f8      0xad2 ./Src/main.o
 .debug_macro   0x00000cca       0x22 ./Src/main.o
 .debug_macro   0x00000cec       0x8e ./Src/main.o
 .debug_macro   0x00000d7a       0x51 ./Src/main.o
 .debug_macro   0x00000dcb      0x103 ./Src/main.o
 .debug_macro   0x00000ece       0x6a ./Src/main.o
 .debug_macro   0x00000f38      0x1df ./Src/main.o
 .debug_macro   0x00001117       0x61 ./Src/main.o
 .debug_macro   0x00001178       0x24 ./Src/main.o
 .debug_macro   0x0000119c       0x43 ./Src/main.o
 .debug_macro   0x000011df       0x34 ./Src/main.o
 .debug_macro   0x00001213      0x190 ./Src/main.o
 .debug_macro   0x000013a3      0x370 ./Src/main.o
 .debug_macro   0x00001713       0x16 ./Src/main.o
 .debug_macro   0x00001729       0x4a ./Src/main.o
 .debug_macro   0x00001773       0x34 ./Src/main.o
 .debug_macro   0x000017a7       0x10 ./Src/main.o
 .debug_macro   0x000017b7       0x58 ./Src/main.o
 .debug_macro   0x0000180f       0x8e ./Src/main.o
 .debug_macro   0x0000189d       0x1c ./Src/main.o
 .debug_macro   0x000018b9      0x185 ./Src/main.o
 .debug_macro   0x00001a3e       0x10 ./Src/main.o
 .debug_macro   0x00001a4e       0x3c ./Src/main.o
 .debug_macro   0x00001a8a       0x20 ./Src/main.o
 .debug_macro   0x00001aaa      0x5fb ./Src/main.o
 .debug_macro   0x000020a5       0xd0 ./Src/main.o
 .debug_macro   0x00002175       0xc4 ./Src/main.o
 .debug_macro   0x00002239       0xd6 ./Src/main.o
 .debug_macro   0x0000230f      0x106 ./Src/main.o
 .debug_macro   0x00002415       0xbc ./drivers/Src/stm32f103xx_gpio_driver.o
 .debug_macro   0x000024d1       0xca ./drivers/Src/stm32f103xx_gpio_driver.o
 .debug_macro   0x0000259b       0xbc ./drivers/Src/stm32f103xx_rcc_driver.o
 .debug_macro   0x00002657       0xd4 ./drivers/Src/stm32f103xx_usart.o
 .debug_macro   0x0000272b      0x100 ./drivers/Src/stm32f103xx_usart.o
 .debug_macro   0x0000282b       0x3e ./drivers_2/Src/STK_program.o
 .debug_macro   0x00002869       0x22 ./drivers_2/Src/STK_program.o
 .debug_macro   0x0000288b       0x10 ./drivers_2/Src/STK_program.o
 .debug_macro   0x0000289b       0x16 ./drivers_2/Src/STK_program.o

.debug_line     0x00000000     0x219e
 .debug_line    0x00000000      0xa09 ./Src/main.o
 .debug_line    0x00000a09       0x7b ./Startup/startup_stm32f103c8tx.o
 .debug_line    0x00000a84      0x83a ./drivers/Src/stm32f103xx_gpio_driver.o
 .debug_line    0x000012be      0x547 ./drivers/Src/stm32f103xx_rcc_driver.o
 .debug_line    0x00001805      0x6ad ./drivers/Src/stm32f103xx_usart.o
 .debug_line    0x00001eb2      0x2ec ./drivers_2/Src/STK_program.o

.debug_str      0x00000000     0xa345
 .debug_str     0x00000000     0xa345 ./Src/main.o
                               0x9c65 (size before relaxing)
 .debug_str     0x0000a345       0x9b ./Startup/startup_stm32f103c8tx.o
 .debug_str     0x0000a345     0x67fc ./drivers/Src/stm32f103xx_gpio_driver.o
 .debug_str     0x0000a345     0x662d ./drivers/Src/stm32f103xx_rcc_driver.o
 .debug_str     0x0000a345     0x68f8 ./drivers/Src/stm32f103xx_usart.o
 .debug_str     0x0000a345     0x32fc ./drivers_2/Src/STK_program.o

.comment        0x00000000       0x43
 .comment       0x00000000       0x43 ./Src/main.o
                                 0x44 (size before relaxing)
 .comment       0x00000043       0x44 ./drivers/Src/stm32f103xx_gpio_driver.o
 .comment       0x00000043       0x44 ./drivers/Src/stm32f103xx_rcc_driver.o
 .comment       0x00000043       0x44 ./drivers/Src/stm32f103xx_usart.o
 .comment       0x00000043       0x44 ./drivers_2/Src/STK_program.o

.debug_frame    0x00000000      0x794
 .debug_frame   0x00000000      0x1a4 ./Src/main.o
 .debug_frame   0x000001a4      0x1e8 ./drivers/Src/stm32f103xx_gpio_driver.o
 .debug_frame   0x0000038c       0x7c ./drivers/Src/stm32f103xx_rcc_driver.o
 .debug_frame   0x00000408      0x118 ./drivers/Src/stm32f103xx_usart.o
 .debug_frame   0x00000520      0x248 ./drivers_2/Src/STK_program.o
 .debug_frame   0x00000768       0x2c /opt/st/stm32cubeide_1.19.0/plugins/com.st.stm32cube.ide.mcu.externaltools.gnu-tools-for-stm32.13.3.rel1.linux64_1.0.0.202410170706/tools/bin/../lib/gcc/arm-none-eabi/13.3.1/../../../../arm-none-eabi/lib/thumb/v7-m/nofp/libc_nano.a(libc_a-init.o)

.debug_line_str
                0x00000000       0x7f
 .debug_line_str
                0x00000000       0x7f ./Startup/startup_stm32f103c8tx.o
