Archive member included to satisfy reference by file (symbol)

D:/STM32CubeIDE_1.19.0/STM32CubeIDE/plugins/com.st.stm32cube.ide.mcu.externaltools.gnu-tools-for-stm32.13.3.rel1.win32_1.0.0.202411081344/tools/bin/../lib/gcc/arm-none-eabi/13.3.1/../../../../arm-none-eabi/lib/thumb/v7-m/nofp\libc_nano.a(libc_a-exit.o)
                              D:/STM32CubeIDE_1.19.0/STM32CubeIDE/plugins/com.st.stm32cube.ide.mcu.externaltools.gnu-tools-for-stm32.13.3.rel1.win32_1.0.0.202411081344/tools/bin/../lib/gcc/arm-none-eabi/13.3.1/../../../../arm-none-eabi/lib/thumb/v7-m/nofp/crt0.o (exit)
D:/STM32CubeIDE_1.19.0/STM32CubeIDE/plugins/com.st.stm32cube.ide.mcu.externaltools.gnu-tools-for-stm32.13.3.rel1.win32_1.0.0.202411081344/tools/bin/../lib/gcc/arm-none-eabi/13.3.1/../../../../arm-none-eabi/lib/thumb/v7-m/nofp\libc_nano.a(libc_a-findfp.o)
                              D:/STM32CubeIDE_1.19.0/STM32CubeIDE/plugins/com.st.stm32cube.ide.mcu.externaltools.gnu-tools-for-stm32.13.3.rel1.win32_1.0.0.202411081344/tools/bin/../lib/gcc/arm-none-eabi/13.3.1/../../../../arm-none-eabi/lib/thumb/v7-m/nofp\libc_nano.a(libc_a-exit.o) (__stdio_exit_handler)
D:/STM32CubeIDE_1.19.0/STM32CubeIDE/plugins/com.st.stm32cube.ide.mcu.externaltools.gnu-tools-for-stm32.13.3.rel1.win32_1.0.0.202411081344/tools/bin/../lib/gcc/arm-none-eabi/13.3.1/../../../../arm-none-eabi/lib/thumb/v7-m/nofp\libc_nano.a(libc_a-fwalk.o)
                              D:/STM32CubeIDE_1.19.0/STM32CubeIDE/plugins/com.st.stm32cube.ide.mcu.externaltools.gnu-tools-for-stm32.13.3.rel1.win32_1.0.0.202411081344/tools/bin/../lib/gcc/arm-none-eabi/13.3.1/../../../../arm-none-eabi/lib/thumb/v7-m/nofp\libc_nano.a(libc_a-findfp.o) (_fwalk_sglue)
D:/STM32CubeIDE_1.19.0/STM32CubeIDE/plugins/com.st.stm32cube.ide.mcu.externaltools.gnu-tools-for-stm32.13.3.rel1.win32_1.0.0.202411081344/tools/bin/../lib/gcc/arm-none-eabi/13.3.1/../../../../arm-none-eabi/lib/thumb/v7-m/nofp\libc_nano.a(libc_a-stdio.o)
                              D:/STM32CubeIDE_1.19.0/STM32CubeIDE/plugins/com.st.stm32cube.ide.mcu.externaltools.gnu-tools-for-stm32.13.3.rel1.win32_1.0.0.202411081344/tools/bin/../lib/gcc/arm-none-eabi/13.3.1/../../../../arm-none-eabi/lib/thumb/v7-m/nofp\libc_nano.a(libc_a-findfp.o) (__sread)
D:/STM32CubeIDE_1.19.0/STM32CubeIDE/plugins/com.st.stm32cube.ide.mcu.externaltools.gnu-tools-for-stm32.13.3.rel1.win32_1.0.0.202411081344/tools/bin/../lib/gcc/arm-none-eabi/13.3.1/../../../../arm-none-eabi/lib/thumb/v7-m/nofp\libc_nano.a(libc_a-memset.o)
                              D:/STM32CubeIDE_1.19.0/STM32CubeIDE/plugins/com.st.stm32cube.ide.mcu.externaltools.gnu-tools-for-stm32.13.3.rel1.win32_1.0.0.202411081344/tools/bin/../lib/gcc/arm-none-eabi/13.3.1/../../../../arm-none-eabi/lib/thumb/v7-m/nofp/crt0.o (memset)
D:/STM32CubeIDE_1.19.0/STM32CubeIDE/plugins/com.st.stm32cube.ide.mcu.externaltools.gnu-tools-for-stm32.13.3.rel1.win32_1.0.0.202411081344/tools/bin/../lib/gcc/arm-none-eabi/13.3.1/../../../../arm-none-eabi/lib/thumb/v7-m/nofp\libc_nano.a(libc_a-closer.o)
                              D:/STM32CubeIDE_1.19.0/STM32CubeIDE/plugins/com.st.stm32cube.ide.mcu.externaltools.gnu-tools-for-stm32.13.3.rel1.win32_1.0.0.202411081344/tools/bin/../lib/gcc/arm-none-eabi/13.3.1/../../../../arm-none-eabi/lib/thumb/v7-m/nofp\libc_nano.a(libc_a-stdio.o) (_close_r)
D:/STM32CubeIDE_1.19.0/STM32CubeIDE/plugins/com.st.stm32cube.ide.mcu.externaltools.gnu-tools-for-stm32.13.3.rel1.win32_1.0.0.202411081344/tools/bin/../lib/gcc/arm-none-eabi/13.3.1/../../../../arm-none-eabi/lib/thumb/v7-m/nofp\libc_nano.a(libc_a-reent.o)
                              D:/STM32CubeIDE_1.19.0/STM32CubeIDE/plugins/com.st.stm32cube.ide.mcu.externaltools.gnu-tools-for-stm32.13.3.rel1.win32_1.0.0.202411081344/tools/bin/../lib/gcc/arm-none-eabi/13.3.1/../../../../arm-none-eabi/lib/thumb/v7-m/nofp\libc_nano.a(libc_a-closer.o) (errno)
D:/STM32CubeIDE_1.19.0/STM32CubeIDE/plugins/com.st.stm32cube.ide.mcu.externaltools.gnu-tools-for-stm32.13.3.rel1.win32_1.0.0.202411081344/tools/bin/../lib/gcc/arm-none-eabi/13.3.1/../../../../arm-none-eabi/lib/thumb/v7-m/nofp\libc_nano.a(libc_a-impure.o)
                              D:/STM32CubeIDE_1.19.0/STM32CubeIDE/plugins/com.st.stm32cube.ide.mcu.externaltools.gnu-tools-for-stm32.13.3.rel1.win32_1.0.0.202411081344/tools/bin/../lib/gcc/arm-none-eabi/13.3.1/../../../../arm-none-eabi/lib/thumb/v7-m/nofp\libc_nano.a(libc_a-reent.o) (_impure_ptr)
D:/STM32CubeIDE_1.19.0/STM32CubeIDE/plugins/com.st.stm32cube.ide.mcu.externaltools.gnu-tools-for-stm32.13.3.rel1.win32_1.0.0.202411081344/tools/bin/../lib/gcc/arm-none-eabi/13.3.1/../../../../arm-none-eabi/lib/thumb/v7-m/nofp\libc_nano.a(libc_a-lseekr.o)
                              D:/STM32CubeIDE_1.19.0/STM32CubeIDE/plugins/com.st.stm32cube.ide.mcu.externaltools.gnu-tools-for-stm32.13.3.rel1.win32_1.0.0.202411081344/tools/bin/../lib/gcc/arm-none-eabi/13.3.1/../../../../arm-none-eabi/lib/thumb/v7-m/nofp\libc_nano.a(libc_a-stdio.o) (_lseek_r)
[...]
Memory Configuration

Name             Origin             Length             Attributes
RAM              0x20000000         0x00005000         xrw
FLASH            0x08000000         0x00004000         xr
*default*        0x00000000         0xffffffff

Linker script and memory map

LOAD D:/STM32CubeIDE_1.19.0/STM32CubeIDE/plugins/com.st.stm32cube.ide.mcu.externaltools.gnu-tools-for-stm32.13.3.rel1.win32_1.0.0.202411081344/tools/bin/../lib/gcc/arm-none-eabi/13.3.1/thumb/v7-m/nofp/crti.o
LOAD D:/STM32CubeIDE_1.19.0/STM32CubeIDE/plugins/com.st.stm32cube.ide.mcu.externaltools.gnu-tools-for-stm32.13.3.rel1.win32_1.0.0.202411081344/tools/bin/../lib/gcc/arm-none-eabi/13.3.1/thumb/v7-m/nofp/crtbegin.o
LOAD D:/STM32CubeIDE_1.19.0/STM32CubeIDE/plugins/com.st.stm32cube.ide.mcu.externaltools.gnu-tools-for-stm32.13.3.rel1.win32_1.0.0.202411081344/tools/bin/../lib/gcc/arm-none-eabi/13.3.1/../../../../arm-none-eabi/lib/thumb/v7-m/nofp/crt0.o
LOAD ./Src/bootloader.o
LOAD ./Src/flash_if.o
LOAD ./Src/main.o
LOAD ./Src/syscalls.o
LOAD ./Src/sysmem.o
LOAD ./Startup/startup_stm32f103c8tx.o
LOAD ./drivers/Src/stm32f103xx_flash_driver.o
LOAD ./drivers/Src/stm32f103xx_gpio_drivers.o
LOAD ./drivers/Src/stm32f103xx_it_driver.o
LOAD ./drivers/Src/stm32f103xx_rcc_driver.o
LOAD ./drivers/Src/stm32f103xx_spi_driver.o
LOAD ./drivers/Src/stm32f103xx_usart_driver.o
START GROUP
LOAD D:/STM32CubeIDE_1.19.0/STM32CubeIDE/plugins/com.st.stm32cube.ide.mcu.externaltools.gnu-tools-for-stm32.13.3.rel1.win32_1.0.0.202411081344/tools/bin/../lib/gcc/arm-none-eabi/13.3.1/../../../../arm-none-eabi/lib/thumb/v7-m/nofp\libc_nano.a
LOAD D:/STM32CubeIDE_1.19.0/STM32CubeIDE/plugins/com.st.stm32cube.ide.mcu.externaltools.gnu-tools-for-stm32.13.3.rel1.win32_1.0.0.202411081344/tools/bin/../lib/gcc/arm-none-eabi/13.3.1/../../../../arm-none-eabi/lib/thumb/v7-m/nofp\libm.a
END GROUP
START GROUP
LOAD D:/STM32CubeIDE_1.19.0/STM32CubeIDE/plugins/com.st.stm32cube.ide.mcu.externaltools.gnu-tools-for-stm32.13.3.rel1.win32_1.0.0.202411081344/tools/bin/../lib/gcc/arm-none-eabi/13.3.1/thumb/v7-m/nofp\libgcc.a
LOAD D:/STM32CubeIDE_1.19.0/STM32CubeIDE/plugins/com.st.stm32cube.ide.mcu.externaltools.gnu-tools-for-stm32.13.3.rel1.win32_1.0.0.202411081344/tools/bin/../lib/gcc/arm-none-eabi/13.3.1/../../../../arm-none-eabi/lib/thumb/v7-m/nofp\libc_nano.a
END GROUP
START GROUP
LOAD D:/STM32CubeIDE_1.19.0/STM32CubeIDE/plugins/com.st.stm32cube.ide.mcu.externaltools.gnu-tools-for-stm32.13.3.rel1.win32_1.0.0.202411081344/tools/bin/../lib/gcc/arm-none-eabi/13.3.1/thumb/v7-m/nofp\libgcc.a
LOAD D:/STM32CubeIDE_1.19.0/STM32CubeIDE/plugins/com.st.stm32cube.ide.mcu.externaltools.gnu-tools-for-stm32.13.3.rel1.win32_1.0.0.202411081344/tools/bin/../lib/gcc/arm-none-eabi/13.3.1/../../../../arm-none-eabi/lib/thumb/v7-m/nofp\libc_nano.a
LOAD D:/STM32CubeIDE_1.19.0/STM32CubeIDE/plugins/com.st.stm32cube.ide.mcu.externaltools.gnu-tools-for-stm32.13.3.rel1.win32_1.0.0.202411081344/tools/bin/../lib/gcc/arm-none-eabi/13.3.1/../../../../arm-none-eabi/lib/thumb/v7-m/nofp\libnosys.a
END GROUP
START GROUP
LOAD D:/STM32CubeIDE_1.19.0/STM32CubeIDE/plugins/com.st.stm32cube.ide.mcu.externaltools.gnu-tools-for-stm32.13.3.rel1.win32_1.0.0.202411081344/tools/bin/../lib/gcc/arm-none-eabi/13.3.1/thumb/v7-m/nofp\libgcc.a
LOAD D:/STM32CubeIDE_1.19.0/STM32CubeIDE/plugins/com.st.stm32cube.ide.mcu.externaltools.gnu-tools-for-stm32.13.3.rel1.win32_1.0.0.202411081344/tools/bin/../lib/gcc/arm-none-eabi/13.3.1/../../../../arm-none-eabi/lib/thumb/v7-m/nofp\libc_nano.a
LOAD D:/STM32CubeIDE_1.19.0/STM32CubeIDE/plugins/com.st.stm32cube.ide.mcu.externaltools.gnu-tools-for-stm32.13.3.rel1.win32_1.0.0.202411081344/tools/bin/../lib/gcc/arm-none-eabi/13.3.1/../../../../arm-none-eabi/lib/thumb/v7-m/nofp\libnosys.a
END GROUP
LOAD D:/STM32CubeIDE_1.19.0/STM32CubeIDE/plugins/com.st.stm32cube.ide.mcu.externaltools.gnu-tools-for-stm32.13.3.rel1.win32_1.0.0.202411081344/tools/bin/../lib/gcc/arm-none-eabi/13.3.1/thumb/v7-m/nofp/crtend.o
LOAD D:/STM32CubeIDE_1.19.0/STM32CubeIDE/plugins/com.st.stm32cube.ide.mcu.externaltools.gnu-tools-for-stm32.13.3.rel1.win32_1.0.0.202411081344/tools/bin/../lib/gcc/arm-none-eabi/13.3.1/thumb/v7-m/nofp/crtn.o
                0x20005000                        _estack = (ORIGIN (RAM) + LENGTH (RAM))
                0x00000200                        _Min_Heap_Size = 0x200
                0x00000400                        _Min_Stack_Size = 0x400

.isr_vector     0x08000000      0x130
                0x08000000                        . = ALIGN (0x4)
 *(.isr_vector)
 .isr_vector    0x08000000      0x130 ./Startup/startup_stm32f103c8tx.o
                0x08000000                g_pfnVectors
                0x08000130                        . = ALIGN (0x4)

.text           0x08000130      0xc20
                0x08000130                        . = ALIGN (0x4)
 *(.text)
 .text          0x08000130       0x40 D:/STM32CubeIDE_1.19.0/STM32CubeIDE/plugins/com.st.stm32cube.ide.mcu.externaltools.gnu-tools-for-stm32.13.3.rel1.win32_1.0.0.202411081344/tools/bin/../lib/gcc/arm-none-eabi/13.3.1/thumb/v7-m/nofp/crtbegin.o
 .text          0x08000170       0x10 D:/STM32CubeIDE_1.19.0/STM32CubeIDE/plugins/com.st.stm32cube.ide.mcu.externaltools.gnu-tools-for-stm32.13.3.rel1.win32_1.0.0.202411081344/tools/bin/../lib/gcc/arm-none-eabi/13.3.1/../../../../arm-none-eabi/lib/thumb/v7-m/nofp\libc_nano.a(libc_a-strlen.o)
                0x08000170                strlen
 *(.text*)
 .text.main     0x08000180       0xc4 ./Src/main.o
                0x08000180                main
 .text.led_init
                0x08000244       0x3c ./Src/main.o
 .text.led_toggle
                0x08000280       0x14 ./Src/main.o
 .text.uart_send_string
                0x08000294       0x28 ./Src/main.o
 .text.Reset_Handler
                0x080002bc       0x50 ./Startup/startup_stm32f103c8tx.o
                0x080002bc                Reset_Handler
 .text.Default_Handler
                0x0800030c        0x2 ./Startup/startup_stm32f103c8tx.o
                0x0800030c                TIM8_TRG_COM_IRQHandler
                0x0800030c                TIM8_CC_IRQHandler
                0x0800030c                DebugMon_Handler
                0x0800030c                TIM1_CC_IRQHandler
                0x0800030c                HardFault_Handler
                0x0800030c                TIM6_IRQHandler
                0x0800030c                SysTick_Handler
                0x0800030c                PVD_IRQHandler
                0x0800030c                SDIO_IRQHandler
                0x0800030c                PendSV_Handler
                0x0800030c                NMI_Handler
                0x0800030c                USB_HP_CAN_TX_IRQHandler
                0x0800030c                I2C2_EV_IRQHandler
                0x0800030c                UsageFault_Handler
                0x0800030c                ADC1_2_IRQHandler
                0x0800030c                SPI1_IRQHandler
                0x0800030c                CAN_SCE_IRQHandler
                0x0800030c                TAMPER_IRQHandler
                0x0800030c                TIM8_UP_IRQHandler
                0x0800030c                DMA2_Channel2_IRQHandler
                0x0800030c                DMA1_Channel4_IRQHandler
                0x0800030c                USART3_IRQHandler
                0x0800030c                RTC_IRQHandler
                0x0800030c                DMA1_Channel7_IRQHandler
                0x0800030c                UART5_IRQHandler
                0x0800030c                ADC3_IRQHandler
                0x0800030c                TIM4_IRQHandler
                0x0800030c                CAN_RX1_IRQHandler
                0x0800030c                DMA2_Channel1_IRQHandler
                0x0800030c                I2C1_EV_IRQHandler
                0x0800030c                DMA1_Channel6_IRQHandler
                0x0800030c                UART4_IRQHandler
                0x0800030c                TIM3_IRQHandler
                0x0800030c                RCC_IRQHandler
                0x0800030c                TIM1_TRG_COM_IRQHandler
                0x0800030c                DMA1_Channel1_IRQHandler
                0x0800030c                Default_Handler
                0x0800030c                TIM7_IRQHandler
                0x0800030c                TIM5_IRQHandler
                0x0800030c                SPI2_IRQHandler
                0x0800030c                USB_LP_CAN_RX0_IRQHandler
                0x0800030c                MemManage_Handler
                0x0800030c                SVC_Handler
                0x0800030c                DMA1_Channel5_IRQHandler
                0x0800030c                DMA1_Channel3_IRQHandler
                0x0800030c                FSMC_IRQHandler
                0x0800030c                TIM1_UP_IRQHandler
                0x0800030c                WWDG_IRQHandler
                0x0800030c                TIM2_IRQHandler
                0x0800030c                TIM1_BRK_IRQHandler
                0x0800030c                RTCAlarm_IRQHandler
                0x0800030c                DMA2_Channel4_5_IRQHandler
                0x0800030c                USART2_IRQHandler
                0x0800030c                I2C2_ER_IRQHandler
                0x0800030c                DMA1_Channel2_IRQHandler
                0x0800030c                TIM8_BRK_IRQHandler
                0x0800030c                FLASH_IRQHandler
                0x0800030c                BusFault_Handler
                0x0800030c                USART1_IRQHandler
                0x0800030c                SPI3_IRQHandler
                0x0800030c                I2C1_ER_IRQHandler
                0x0800030c                DMA2_Channel3_IRQHandler
 *fill*         0x0800030e        0x2 
 .text.GPIO_PeriClockControl
                0x08000310       0x6c ./drivers/Src/stm32f103xx_gpio_drivers.o
                0x08000310                GPIO_PeriClockControl
 .text.AlternativeMode_Init
                0x0800037c       0xc8 ./drivers/Src/stm32f103xx_gpio_drivers.o
                0x0800037c                AlternativeMode_Init
 .text.GPIO_Init
                0x08000444      0x360 ./drivers/Src/stm32f103xx_gpio_drivers.o
                0x08000444                GPIO_Init
 .text.GPIO_WritePin
                0x080007a4       0x48 ./drivers/Src/stm32f103xx_gpio_drivers.o
                0x080007a4                GPIO_WritePin
 .text.GPIO_Toggle
                0x080007ec       0x28 ./drivers/Src/stm32f103xx_gpio_drivers.o
                0x080007ec                GPIO_Toggle
 .text.GPIO_IRQHandling
                0x08000814       0x34 ./drivers/Src/stm32f103xx_gpio_drivers.o
                0x08000814                GPIO_IRQHandling
 .text.EXTI0_IRQHandler
                0x08000848        0xe ./drivers/Src/stm32f103xx_gpio_drivers.o
                0x08000848                EXTI0_IRQHandler
 .text.EXTI1_IRQHandler
                0x08000856        0xe ./drivers/Src/stm32f103xx_gpio_drivers.o
                0x08000856                EXTI1_IRQHandler
 .text.EXTI2_IRQHandler
                0x08000864        0xe ./drivers/Src/stm32f103xx_gpio_drivers.o
                0x08000864                EXTI2_IRQHandler
 .text.EXTI3_IRQHandler
                0x08000872        0xe ./drivers/Src/stm32f103xx_gpio_drivers.o
                0x08000872                EXTI3_IRQHandler
 .text.EXTI4_IRQHandler
                0x08000880        0xe ./drivers/Src/stm32f103xx_gpio_drivers.o
                0x08000880                EXTI4_IRQHandler
 *fill*         0x0800088e        0x2 
 .text.EXTI9_5_IRQHandler
                0x08000890       0x44 ./drivers/Src/stm32f103xx_gpio_drivers.o
                0x08000890                EXTI9_5_IRQHandler
 .text.EXTI15_10_IRQHandler
                0x080008d4       0x44 ./drivers/Src/stm32f103xx_gpio_drivers.o
                0x080008d4                EXTI15_10_IRQHandler
 .text.GPIO_ExternalInterruptEventsCallback
                0x08000918       0x14 ./drivers/Src/stm32f103xx_gpio_drivers.o
                0x08000918                GPIO_ExternalInterruptEventsCallback
 .text.RCC_GetSysClockFreq
                0x0800092c       0x24 ./drivers/Src/stm32f103xx_rcc_driver.o
                0x0800092c                RCC_GetSysClockFreq
 .text.RCC_GetHClockFreq
                0x08000950       0x54 ./drivers/Src/stm32f103xx_rcc_driver.o
                0x08000950                RCC_GetHClockFreq
 .text.RCC_GetPClock1Freq
                0x080009a4       0x38 ./drivers/Src/stm32f103xx_rcc_driver.o
                0x080009a4                RCC_GetPClock1Freq
 .text.USART_PeriClockControl
                0x080009dc       0xa4 ./drivers/Src/stm32f103xx_usart_driver.o
                0x080009dc                USART_PeriClockControl
 .text.USART_Start
                0x08000a80       0x1e ./drivers/Src/stm32f103xx_usart_driver.o
                0x08000a80                USART_Start
 *fill*         0x08000a9e        0x2 
 .text.USART_Init
                0x08000aa0      0x124 ./drivers/Src/stm32f103xx_usart_driver.o
                0x08000aa0                USART_Init
 .text.USART_SetBaudRate
                0x08000bc4       0x98 ./drivers/Src/stm32f103xx_usart_driver.o
                0x08000bc4                USART_SetBaudRate
 .text.USART_SendData
                0x08000c5c       0x94 ./drivers/Src/stm32f103xx_usart_driver.o
                0x08000c5c                USART_SendData
 .text.__libc_init_array
                0x08000cf0       0x48 D:/STM32CubeIDE_1.19.0/STM32CubeIDE/plugins/com.st.stm32cube.ide.mcu.externaltools.gnu-tools-for-stm32.13.3.rel1.win32_1.0.0.202411081344/tools/bin/../lib/gcc/arm-none-eabi/13.3.1/../../../../arm-none-eabi/lib/thumb/v7-m/nofp\libc_nano.a(libc_a-init.o)
                0x08000cf0                __libc_init_array
 *(.glue_7)
 .glue_7        0x08000d38        0x0 linker stubs
 *(.glue_7t)
 .glue_7t       0x08000d38        0x0 linker stubs
 *(.eh_frame)
 .eh_frame      0x08000d38        0x0 D:/STM32CubeIDE_1.19.0/STM32CubeIDE/plugins/com.st.stm32cube.ide.mcu.externaltools.gnu-tools-for-stm32.13.3.rel1.win32_1.0.0.202411081344/tools/bin/../lib/gcc/arm-none-eabi/13.3.1/thumb/v7-m/nofp/crtbegin.o
 *(.init)
 .init          0x08000d38        0x4 D:/STM32CubeIDE_1.19.0/STM32CubeIDE/plugins/com.st.stm32cube.ide.mcu.externaltools.gnu-tools-for-stm32.13.3.rel1.win32_1.0.0.202411081344/tools/bin/../lib/gcc/arm-none-eabi/13.3.1/thumb/v7-m/nofp/crti.o
                0x08000d38                _init
 .init          0x08000d3c        0x8 D:/STM32CubeIDE_1.19.0/STM32CubeIDE/plugins/com.st.stm32cube.ide.mcu.externaltools.gnu-tools-for-stm32.13.3.rel1.win32_1.0.0.202411081344/tools/bin/../lib/gcc/arm-none-eabi/13.3.1/thumb/v7-m/nofp/crtn.o
 *(.fini)
 .fini          0x08000d44        0x4 D:/STM32CubeIDE_1.19.0/STM32CubeIDE/plugins/com.st.stm32cube.ide.mcu.externaltools.gnu-tools-for-stm32.13.3.rel1.win32_1.0.0.202411081344/tools/bin/../lib/gcc/arm-none-eabi/13.3.1/thumb/v7-m/nofp/crti.o
                0x08000d44                _fini
 .fini          0x08000d48        0x8 D:/STM32CubeIDE_1.19.0/STM32CubeIDE/plugins/com.st.stm32cube.ide.mcu.externaltools.gnu-tools-for-stm32.13.3.rel1.win32_1.0.0.202411081344/tools/bin/../lib/gcc/arm-none-eabi/13.3.1/thumb/v7-m/nofp/crtn.o
                0x08000d50                        . = ALIGN (0x4)
                0x08000d50                        _etext = .

.vfp11_veneer   0x08000d50        0x0
 .vfp11_veneer  0x08000d50        0x0 linker stubs

.v4_bx          0x08000d50        0x0
 .v4_bx         0x08000d50        0x0 linker stubs

.iplt           0x08000d50        0x0
 .iplt          0x08000d50        0x0 D:/STM32CubeIDE_1.19.0/STM32CubeIDE/plugins/com.st.stm32cube.ide.mcu.externaltools.gnu-tools-for-stm32.13.3.rel1.win32_1.0.0.202411081344/tools/bin/../lib/gcc/arm-none-eabi/13.3.1/thumb/v7-m/nofp/crtbegin.o

.rodata         0x08000d50       0x34
                0x08000d50                        . = ALIGN (0x4)
 *(.rodata)
 .rodata        0x08000d50       0x32 ./Src/main.o
 *(.rodata*)
                0x08000d84                        . = ALIGN (0x4)
 *fill*         0x08000d82        0x2 

.ARM.extab      0x08000d84        0x0
                0x08000d84                        . = ALIGN (0x4)
 *(.ARM.extab* .gnu.linkonce.armextab.*)
                0x08000d84                        . = ALIGN (0x4)

.ARM            0x08000d84        0x8
                0x08000d84                        . = ALIGN (0x4)
                0x08000d84                        __exidx_start = .
 *(.ARM.exidx*)
 .ARM.exidx     0x08000d84        0x8 D:/STM32CubeIDE_1.19.0/STM32CubeIDE/plugins/com.st.stm32cube.ide.mcu.externaltools.gnu-tools-for-stm32.13.3.rel1.win32_1.0.0.202411081344/tools/bin/../lib/gcc/arm-none-eabi/13.3.1/../../../../arm-none-eabi/lib/thumb/v7-m/nofp\libc_nano.a(libc_a-strlen.o)
                0x08000d8c                        __exidx_end = .
                0x08000d8c                        . = ALIGN (0x4)

.preinit_array  0x08000d8c        0x0
                0x08000d8c                        . = ALIGN (0x4)
                0x08000d8c                        PROVIDE (__preinit_array_start = .)
 *(.preinit_array*)
                0x08000d8c                        PROVIDE (__preinit_array_end = .)
                0x08000d8c                        . = ALIGN (0x4)

.init_array     0x08000d8c        0x4
                0x08000d8c                        . = ALIGN (0x4)
                0x08000d8c                        PROVIDE (__init_array_start = .)
 *(SORT_BY_NAME(.init_array.*))
 *(.init_array*)
 .init_array    0x08000d8c        0x4 D:/STM32CubeIDE_1.19.0/STM32CubeIDE/plugins/com.st.stm32cube.ide.mcu.externaltools.gnu-tools-for-stm32.13.3.rel1.win32_1.0.0.202411081344/tools/bin/../lib/gcc/arm-none-eabi/13.3.1/thumb/v7-m/nofp/crtbegin.o
                0x08000d90                        PROVIDE (__init_array_end = .)
                0x08000d90                        . = ALIGN (0x4)

.fini_array     0x08000d90        0x4
                0x08000d90                        . = ALIGN (0x4)
                [!provide]                        PROVIDE (__fini_array_start = .)
 *(SORT_BY_NAME(.fini_array.*))
 *(.fini_array*)
 .fini_array    0x08000d90        0x4 D:/STM32CubeIDE_1.19.0/STM32CubeIDE/plugins/com.st.stm32cube.ide.mcu.externaltools.gnu-tools-for-stm32.13.3.rel1.win32_1.0.0.202411081344/tools/bin/../lib/gcc/arm-none-eabi/13.3.1/thumb/v7-m/nofp/crtbegin.o
                [!provide]                        PROVIDE (__fini_array_end = .)
                0x08000d94                        . = ALIGN (0x4)
                0x08000d94                        _sidata = LOADADDR (.data)

.rel.dyn        0x08000d94        0x0
 .rel.iplt      0x08000d94        0x0 D:/STM32CubeIDE_1.19.0/STM32CubeIDE/plugins/com.st.stm32cube.ide.mcu.externaltools.gnu-tools-for-stm32.13.3.rel1.win32_1.0.0.202411081344/tools/bin/../lib/gcc/arm-none-eabi/13.3.1/thumb/v7-m/nofp/crtbegin.o

.data           0x20000000       0x24 load address 0x08000d94
                0x20000000                        . = ALIGN (0x4)
                0x20000000                        _sdata = .
 *(.data)
 *(.data*)
 .data.husart1  0x20000000       0x24 ./Src/bootloader.o
                0x20000000                husart1
 *(.RamFunc)
 *(.RamFunc*)
                0x20000024                        . = ALIGN (0x4)
                0x20000024                        _edata = .

.igot.plt       0x20000024        0x0 load address 0x08000db8
 .igot.plt      0x20000024        0x0 D:/STM32CubeIDE_1.19.0/STM32CubeIDE/plugins/com.st.stm32cube.ide.mcu.externaltools.gnu-tools-for-stm32.13.3.rel1.win32_1.0.0.202411081344/tools/bin/../lib/gcc/arm-none-eabi/13.3.1/thumb/v7-m/nofp/crtbegin.o
                0x20000024                        . = ALIGN (0x4)

.bss            0x20000024       0x1c load address 0x08000db8
                0x20000024                        _sbss = .
                0x20000024                        __bss_start__ = _sbss
 *(.bss)
 .bss           0x20000024       0x1c D:/STM32CubeIDE_1.19.0/STM32CubeIDE/plugins/com.st.stm32cube.ide.mcu.externaltools.gnu-tools-for-stm32.13.3.rel1.win32_1.0.0.202411081344/tools/bin/../lib/gcc/arm-none-eabi/13.3.1/thumb/v7-m/nofp/crtbegin.o
 *(.bss*)
 *(COMMON)
                0x20000040                        . = ALIGN (0x4)
                0x20000040                        _ebss = .
                0x20000040                        __bss_end__ = _ebss

._user_heap_stack
                0x20000040      0x600 load address 0x08000db8
                0x20000040                        . = ALIGN (0x8)
                [!provide]                        PROVIDE (end = .)
                0x20000040                        PROVIDE (_end = .)
                0x20000240                        . = (. + _Min_Heap_Size)
 *fill*         0x20000040      0x200 
                0x20000640                        . = (. + _Min_Stack_Size)
 *fill*         0x20000240      0x400 
                0x20000640                        . = ALIGN (0x8)

/DISCARD/
 libc.a(*)
 libm.a(*)
 libgcc.a(*)

.ARM.attributes
                0x00000000       0x29
 *(.ARM.attributes)
 .ARM.attributes
                0x00000000       0x1d D:/STM32CubeIDE_1.19.0/STM32CubeIDE/plugins/com.st.stm32cube.ide.mcu.externaltools.gnu-tools-for-stm32.13.3.rel1.win32_1.0.0.202411081344/tools/bin/../lib/gcc/arm-none-eabi/13.3.1/thumb/v7-m/nofp/crti.o
 .ARM.attributes
                0x0000001d       0x2d D:/STM32CubeIDE_1.19.0/STM32CubeIDE/plugins/com.st.stm32cube.ide.mcu.externaltools.gnu-tools-for-stm32.13.3.rel1.win32_1.0.0.202411081344/tools/bin/../lib/gcc/arm-none-eabi/13.3.1/thumb/v7-m/nofp/crtbegin.o
 .ARM.attributes
                0x0000004a       0x2d ./Src/bootloader.o
 .ARM.attributes
                0x00000077       0x2d ./Src/main.o
 .ARM.attributes
                0x000000a4       0x21 ./Startup/startup_stm32f103c8tx.o
 .ARM.attributes
                0x000000c5       0x2d ./drivers/Src/stm32f103xx_gpio_drivers.o
 .ARM.attributes
                0x000000f2       0x2d ./drivers/Src/stm32f103xx_rcc_driver.o
 .ARM.attributes
                0x0000011f       0x2d ./drivers/Src/stm32f103xx_usart_driver.o
 .ARM.attributes
                0x0000014c       0x2d D:/STM32CubeIDE_1.19.0/STM32CubeIDE/plugins/com.st.stm32cube.ide.mcu.externaltools.gnu-tools-for-stm32.13.3.rel1.win32_1.0.0.202411081344/tools/bin/../lib/gcc/arm-none-eabi/13.3.1/../../../../arm-none-eabi/lib/thumb/v7-m/nofp\libc_nano.a(libc_a-init.o)
 .ARM.attributes
                0x00000179       0x17 D:/STM32CubeIDE_1.19.0/STM32CubeIDE/plugins/com.st.stm32cube.ide.mcu.externaltools.gnu-tools-for-stm32.13.3.rel1.win32_1.0.0.202411081344/tools/bin/../lib/gcc/arm-none-eabi/13.3.1/../../../../arm-none-eabi/lib/thumb/v7-m/nofp\libc_nano.a(libc_a-strlen.o)
 .ARM.attributes
                0x00000190       0x1d D:/STM32CubeIDE_1.19.0/STM32CubeIDE/plugins/com.st.stm32cube.ide.mcu.externaltools.gnu-tools-for-stm32.13.3.rel1.win32_1.0.0.202411081344/tools/bin/../lib/gcc/arm-none-eabi/13.3.1/thumb/v7-m/nofp/crtn.o
OUTPUT(BOOTLOADER.elf elf32-littlearm)
LOAD linker stubs
LOAD D:/STM32CubeIDE_1.19.0/STM32CubeIDE/plugins/com.st.stm32cube.ide.mcu.externaltools.gnu-tools-for-stm32.13.3.rel1.win32_1.0.0.202411081344/tools/bin/../lib/gcc/arm-none-eabi/13.3.1/../../../../arm-none-eabi/lib/thumb/v7-m/nofp\libc.a
LOAD D:/STM32CubeIDE_1.19.0/STM32CubeIDE/plugins/com.st.stm32cube.ide.mcu.externaltools.gnu-tools-for-stm32.13.3.rel1.win32_1.0.0.202411081344/tools/bin/../lib/gcc/arm-none-eabi/13.3.1/../../../../arm-none-eabi/lib/thumb/v7-m/nofp\libm.a
LOAD D:/STM32CubeIDE_1.19.0/STM32CubeIDE/plugins/com.st.stm32cube.ide.mcu.externaltools.gnu-tools-for-stm32.13.3.rel1.win32_1.0.0.202411081344/tools/bin/../lib/gcc/arm-none-eabi/13.3.1/thumb/v7-m/nofp\libgcc.a

.debug_info     0x00000000     0x2445
 .debug_info    0x00000000      0xb59 ./Src/bootloader.o
 .debug_info    0x00000b59      0x46b ./Src/main.o
 .debug_info    0x00000fc4       0x30 ./Startup/startup_stm32f103c8tx.o
 .debug_info    0x00000ff4      0x6a5 ./drivers/Src/stm32f103xx_gpio_drivers.o
 .debug_info    0x00001699      0x790 ./drivers/Src/stm32f103xx_rcc_driver.o
 .debug_info    0x00001e29      0x61c ./drivers/Src/stm32f103xx_usart_driver.o

.debug_abbrev   0x00000000      0x933
 .debug_abbrev  0x00000000      0x257 ./Src/bootloader.o
 .debug_abbrev  0x00000257      0x169 ./Src/main.o
 .debug_abbrev  0x000003c0       0x24 ./Startup/startup_stm32f103c8tx.o
 .debug_abbrev  0x000003e4      0x1e1 ./drivers/Src/stm32f103xx_gpio_drivers.o
 .debug_abbrev  0x000005c5      0x1bf ./drivers/Src/stm32f103xx_rcc_driver.o
 .debug_abbrev  0x00000784      0x1af ./drivers/Src/stm32f103xx_usart_driver.o

.debug_aranges  0x00000000      0x2d8
 .debug_aranges
                0x00000000       0xa8 ./Src/bootloader.o
 .debug_aranges
                0x000000a8       0x38 ./Src/main.o
 .debug_aranges
                0x000000e0       0x28 ./Startup/startup_stm32f103c8tx.o
 .debug_aranges
                0x00000108       0xa8 ./drivers/Src/stm32f103xx_gpio_drivers.o
 .debug_aranges
                0x000001b0       0x98 ./drivers/Src/stm32f103xx_rcc_driver.o
 .debug_aranges
                0x00000248       0x90 ./drivers/Src/stm32f103xx_usart_driver.o

.debug_rnglists
                0x00000000      0x216
 .debug_rnglists
                0x00000000       0x7c ./Src/bootloader.o
 .debug_rnglists
                0x0000007c       0x26 ./Src/main.o
 .debug_rnglists
                0x000000a2       0x19 ./Startup/startup_stm32f103c8tx.o
 .debug_rnglists
                0x000000bb       0x7c ./drivers/Src/stm32f103xx_gpio_drivers.o
 .debug_rnglists
                0x00000137       0x70 ./drivers/Src/stm32f103xx_rcc_driver.o
 .debug_rnglists
                0x000001a7       0x6f ./drivers/Src/stm32f103xx_usart_driver.o

.debug_macro    0x00000000     0x3058
 .debug_macro   0x00000000       0xff ./Src/bootloader.o
 .debug_macro   0x000000ff      0xad2 ./Src/bootloader.o
 .debug_macro   0x00000bd1       0x16 ./Src/bootloader.o
 .debug_macro   0x00000be7      0x190 ./Src/bootloader.o
 .debug_macro   0x00000d77       0x22 ./Src/bootloader.o
 .debug_macro   0x00000d99       0x8e ./Src/bootloader.o
 .debug_macro   0x00000e27       0x51 ./Src/bootloader.o
 .debug_macro   0x00000e78      0x103 ./Src/bootloader.o
 .debug_macro   0x00000f7b       0x6a ./Src/bootloader.o
 .debug_macro   0x00000fe5      0x1df ./Src/bootloader.o
 .debug_macro   0x000011c4      0x118 ./Src/bootloader.o
 .debug_macro   0x000012dc      0x4a3 ./Src/bootloader.o
 .debug_macro   0x0000177f      0x236 ./Src/bootloader.o
 .debug_macro   0x000019b5       0x7c ./Src/bootloader.o
 .debug_macro   0x00001a31      0x1c4 ./Src/bootloader.o
 .debug_macro   0x00001bf5      0x2ab ./Src/bootloader.o
 .debug_macro   0x00001ea0       0x70 ./Src/bootloader.o
 .debug_macro   0x00001f10       0x22 ./Src/bootloader.o
 .debug_macro   0x00001f32       0x52 ./Src/bootloader.o
 .debug_macro   0x00001f84       0x28 ./Src/bootloader.o
 .debug_macro   0x00001fac      0x188 ./Src/main.o
 .debug_macro   0x00002134       0x61 ./Src/main.o
 .debug_macro   0x00002195       0x24 ./Src/main.o
 .debug_macro   0x000021b9       0x43 ./Src/main.o
 .debug_macro   0x000021fc       0x34 ./Src/main.o
 .debug_macro   0x00002230      0x370 ./Src/main.o
 .debug_macro   0x000025a0       0x16 ./Src/main.o
 .debug_macro   0x000025b6       0x4a ./Src/main.o
 .debug_macro   0x00002600       0x34 ./Src/main.o
 .debug_macro   0x00002634       0x10 ./Src/main.o
 .debug_macro   0x00002644       0x58 ./Src/main.o
 .debug_macro   0x0000269c       0x8e ./Src/main.o
 .debug_macro   0x0000272a       0x1c ./Src/main.o
 .debug_macro   0x00002746      0x185 ./Src/main.o
 .debug_macro   0x000028cb       0x10 ./Src/main.o
 .debug_macro   0x000028db       0x3c ./Src/main.o
 .debug_macro   0x00002917       0x20 ./Src/main.o
 .debug_macro   0x00002937       0xc4 ./drivers/Src/stm32f103xx_gpio_drivers.o
 .debug_macro   0x000029fb      0x230 ./drivers/Src/stm32f103xx_gpio_drivers.o
 .debug_macro   0x00002c2b       0xc4 ./drivers/Src/stm32f103xx_rcc_driver.o
 .debug_macro   0x00002cef       0xc4 ./drivers/Src/stm32f103xx_usart_driver.o
 .debug_macro   0x00002db3      0x2a5 ./drivers/Src/stm32f103xx_usart_driver.o

.debug_line     0x00000000     0x2e61
 .debug_line    0x00000000      0xa30 ./Src/bootloader.o
 .debug_line    0x00000a30      0x718 ./Src/main.o
 .debug_line    0x00001148       0x7b ./Startup/startup_stm32f103c8tx.o
 .debug_line    0x000011c3      0xa7d ./drivers/Src/stm32f103xx_gpio_drivers.o
 .debug_line    0x00001c40      0x820 ./drivers/Src/stm32f103xx_rcc_driver.o
 .debug_line    0x00002460      0xa01 ./drivers/Src/stm32f103xx_usart_driver.o

.debug_str      0x00000000     0xbc5b
 .debug_str     0x00000000     0xbc5b ./Src/bootloader.o
                               0x8148 (size before relaxing)
 .debug_str     0x0000bc5b     0xae24 ./Src/main.o
 .debug_str     0x0000bc5b       0x93 ./Startup/startup_stm32f103c8tx.o
 .debug_str     0x0000bc5b     0x7d05 ./drivers/Src/stm32f103xx_gpio_drivers.o
 .debug_str     0x0000bc5b     0x81ab ./drivers/Src/stm32f103xx_rcc_driver.o
 .debug_str     0x0000bc5b     0x7ce6 ./drivers/Src/stm32f103xx_usart_driver.o

.comment        0x00000000       0x43
 .comment       0x00000000       0x43 ./Src/bootloader.o
                                 0x44 (size before relaxing)
 .comment       0x00000043       0x44 ./Src/main.o
 .comment       0x00000043       0x44 ./drivers/Src/stm32f103xx_gpio_drivers.o
 .comment       0x00000043       0x44 ./drivers/Src/stm32f103xx_rcc_driver.o
 .comment       0x00000043       0x44 ./drivers/Src/stm32f103xx_usart_driver.o

.debug_frame    0x00000000      0xaa4
 .debug_frame   0x00000000      0x2a4 ./Src/bootloader.o
 .debug_frame   0x000002a4       0x94 ./Src/main.o
 .debug_frame   0x00000338      0x298 ./drivers/Src/stm32f103xx_gpio_drivers.o
 .debug_frame   0x000005d0      0x254 ./drivers/Src/stm32f103xx_rcc_driver.o
 .debug_frame   0x00000824      0x254 ./drivers/Src/stm32f103xx_usart_driver.o
 .debug_frame   0x00000a78       0x2c D:/STM32CubeIDE_1.19.0/STM32CubeIDE/plugins/com.st.stm32cube.ide.mcu.externaltools.gnu-tools-for-stm32.13.3.rel1.win32_1.0.0.202411081344/tools/bin/../lib/gcc/arm-none-eabi/13.3.1/../../../../arm-none-eabi/lib/thumb/v7-m/nofp\libc_nano.a(libc_a-init.o)

.debug_line_str
                0x00000000       0x77
 .debug_line_str
                0x00000000       0x77 ./Startup/startup_stm32f103c8tx.o
