../Src/main.c:60:6:SystemClock_Setup_72MHz	4	static
../Src/main.c:84:6:GPIO_Setup	24	static
../Src/main.c:115:6:USART1_Setup	8	static
../Src/main.c:137:6:Flash_WaitBusy	4	static
../Src/main.c:138:6:Flash_Unlock	4	static
../Src/main.c:139:6:Flash_Lock	4	static
../Src/main.c:140:6:Flash_ErasePage	16	static
../Src/main.c:144:6:Flash_WriteHalfWord	16	static
../Src/main.c:150:6:UART_SendByte	16	static
../Src/main.c:157:9:UART_ReadByte	4	static
../Src/main.c:163:6:JumpToApplication	24	static,ignoring_inline_asm
../Src/main.c:175:5:main	200	static
