Archive member included to satisfy reference by file (symbol)

D:/STM32CubeIDE_1.19.0/STM32CubeIDE/plugins/com.st.stm32cube.ide.mcu.externaltools.gnu-tools-for-stm32.13.3.rel1.win32_1.0.0.202411081344/tools/bin/../lib/gcc/arm-none-eabi/13.3.1/../../../../arm-none-eabi/lib/thumb/v7-m/nofp\libc_nano.a(libc_a-exit.o)
                              D:/STM32CubeIDE_1.19.0/STM32CubeIDE/plugins/com.st.stm32cube.ide.mcu.externaltools.gnu-tools-for-stm32.13.3.rel1.win32_1.0.0.202411081344/tools/bin/../lib/gcc/arm-none-eabi/13.3.1/../../../../arm-none-eabi/lib/thumb/v7-m/nofp/crt0.o (exit)
D:/STM32CubeIDE_1.19.0/STM32CubeIDE/plugins/com.st.stm32cube.ide.mcu.externaltools.gnu-tools-for-stm32.13.3.rel1.win32_1.0.0.202411081344/tools/bin/../lib/gcc/arm-none-eabi/13.3.1/../../../../arm-none-eabi/lib/thumb/v7-m/nofp\libc_nano.a(libc_a-findfp.o)
                              D:/STM32CubeIDE_1.19.0/STM32CubeIDE/plugins/com.st.stm32cube.ide.mcu.externaltools.gnu-tools-for-stm32.13.3.rel1.win32_1.0.0.202411081344/tools/bin/../lib/gcc/arm-none-eabi/13.3.1/../../../../arm-none-eabi/lib/thumb/v7-m/nofp\libc_nano.a(libc_a-exit.o) (__stdio_exit_handler)
D:/STM32CubeIDE_1.19.0/STM32CubeIDE/plugins/com.st.stm32cube.ide.mcu.externaltools.gnu-tools-for-stm32.13.3.rel1.win32_1.0.0.202411081344/tools/bin/../lib/gcc/arm-none-eabi/13.3.1/../../../../arm-none-eabi/lib/thumb/v7-m/nofp\libc_nano.a(libc_a-fwalk.o)
                              D:/STM32CubeIDE_1.19.0/STM32CubeIDE/plugins/com.st.stm32cube.ide.mcu.externaltools.gnu-tools-for-stm32.13.3.rel1.win32_1.0.0.202411081344/tools/bin/../lib/gcc/arm-none-eabi/13.3.1/../../../../arm-none-eabi/lib/thumb/v7-m/nofp\libc_nano.a(libc_a-findfp.o) (_fwalk_sglue)
D:/STM32CubeIDE_1.19.0/STM32CubeIDE/plugins/com.st.stm32cube.ide.mcu.externaltools.gnu-tools-for-stm32.13.3.rel1.win32_1.0.0.202411081344/tools/bin/../lib/gcc/arm-none-eabi/13.3.1/../../../../arm-none-eabi/lib/thumb/v7-m/nofp\libc_nano.a(libc_a-stdio.o)
                              D:/STM32CubeIDE_1.19.0/STM32CubeIDE/plugins/com.st.stm32cube.ide.mcu.externaltools.gnu-tools-for-stm32.13.3.rel1.win32_1.0.0.202411081344/tools/bin/../lib/gcc/arm-none-eabi/13.3.1/../../../../arm-none-eabi/lib/thumb/v7-m/nofp\libc_nano.a(libc_a-findfp.o) (__sread)
D:/STM32CubeIDE_1.19.0/STM32CubeIDE/plugins/com.st.stm32cube.ide.mcu.externaltools.gnu-tools-for-stm32.13.3.rel1.win32_1.0.0.202411081344/tools/bin/../lib/gcc/arm-none-eabi/13.3.1/../../../../arm-none-eabi/lib/thumb/v7-m/nofp\libc_nano.a(libc_a-memset.o)
                              D:/STM32CubeIDE_1.19.0/STM32CubeIDE/plugins/com.st.stm32cube.ide.mcu.externaltools.gnu-tools-for-stm32.13.3.rel1.win32_1.0.0.202411081344/tools/bin/../lib/gcc/arm-none-eabi/13.3.1/../../../../arm-none-eabi/lib/thumb/v7-m/nofp/crt0.o (memset)
D:/STM32CubeIDE_1.19.0/STM32CubeIDE/plugins/com.st.stm32cube.ide.mcu.externaltools.gnu-tools-for-stm32.13.3.rel1.win32_1.0.0.202411081344/tools/bin/../lib/gcc/arm-none-eabi/13.3.1/../../../../arm-none-eabi/lib/thumb/v7-m/nofp\libc_nano.a(libc_a-closer.o)
                              D:/STM32CubeIDE_1.19.0/STM32CubeIDE/plugins/com.st.stm32cube.ide.mcu.externaltools.gnu-tools-for-stm32.13.3.rel1.win32_1.0.0.202411081344/tools/bin/../lib/gcc/arm-none-eabi/13.3.1/../../../../arm-none-eabi/lib/thumb/v7-m/nofp\libc_nano.a(libc_a-stdio.o) (_close_r)
D:/STM32CubeIDE_1.19.0/STM32CubeIDE/plugins/com.st.stm32cube.ide.mcu.externaltools.gnu-tools-for-stm32.13.3.rel1.win32_1.0.0.202411081344/tools/bin/../lib/gcc/arm-none-eabi/13.3.1/../../../../arm-none-eabi/lib/thumb/v7-m/nofp\libc_nano.a(libc_a-reent.o)
                              D:/STM32CubeIDE_1.19.0/STM32CubeIDE/plugins/com.st.stm32cube.ide.mcu.externaltools.gnu-tools-for-stm32.13.3.rel1.win32_1.0.0.202411081344/tools/bin/../lib/gcc/arm-none-eabi/13.3.1/../../../../arm-none-eabi/lib/thumb/v7-m/nofp\libc_nano.a(libc_a-closer.o) (errno)
D:/STM32CubeIDE_1.19.0/STM32CubeIDE/plugins/com.st.stm32cube.ide.mcu.externaltools.gnu-tools-for-stm32.13.3.rel1.win32_1.0.0.202411081344/tools/bin/../lib/gcc/arm-none-eabi/13.3.1/../../../../arm-none-eabi/lib/thumb/v7-m/nofp\libc_nano.a(libc_a-impure.o)
                              D:/STM32CubeIDE_1.19.0/STM32CubeIDE/plugins/com.st.stm32cube.ide.mcu.externaltools.gnu-tools-for-stm32.13.3.rel1.win32_1.0.0.202411081344/tools/bin/../lib/gcc/arm-none-eabi/13.3.1/../../../../arm-none-eabi/lib/thumb/v7-m/nofp\libc_nano.a(libc_a-reent.o) (_impure_ptr)
D:/STM32CubeIDE_1.19.0/STM32CubeIDE/plugins/com.st.stm32cube.ide.mcu.externaltools.gnu-tools-for-stm32.13.3.rel1.win32_1.0.0.202411081344/tools/bin/../lib/gcc/arm-none-eabi/13.3.1/../../../../arm-none-eabi/lib/thumb/v7-m/nofp\libc_nano.a(libc_a-lseekr.o)
                              D:/STM32CubeIDE_1.19.0/STM32CubeIDE/plugins/com.st.stm32cube.ide.mcu.externaltools.gnu-tools-for-stm32.13.3.rel1.win32_1.0.0.202411081344/tools/bin/../lib/gcc/arm-none-eabi/13.3.1/../../../../arm-none-eabi/lib/thumb/v7-m/nofp\libc_nano.a(libc_a-stdio.o) (_lseek_r)
[...]
Memory Configuration

Name             Origin             Length             Attributes
FLASH_APP_CUR_CODE 0x08004000         0x0000bc00         xr
FLASH_APP_CUR_META 0x0800fc00         0x00000400         xr
RAM              0x20000000         0x00005000         xrw
*default*        0x00000000         0xffffffff

Linker script and memory map

LOAD D:/STM32CubeIDE_1.19.0/STM32CubeIDE/plugins/com.st.stm32cube.ide.mcu.externaltools.gnu-tools-for-stm32.13.3.rel1.win32_1.0.0.202411081344/tools/bin/../lib/gcc/arm-none-eabi/13.3.1/thumb/v7-m/nofp/crti.o
LOAD D:/STM32CubeIDE_1.19.0/STM32CubeIDE/plugins/com.st.stm32cube.ide.mcu.externaltools.gnu-tools-for-stm32.13.3.rel1.win32_1.0.0.202411081344/tools/bin/../lib/gcc/arm-none-eabi/13.3.1/thumb/v7-m/nofp/crtbegin.o
LOAD D:/STM32CubeIDE_1.19.0/STM32CubeIDE/plugins/com.st.stm32cube.ide.mcu.externaltools.gnu-tools-for-stm32.13.3.rel1.win32_1.0.0.202411081344/tools/bin/../lib/gcc/arm-none-eabi/13.3.1/../../../../arm-none-eabi/lib/thumb/v7-m/nofp/crt0.o
LOAD ./Src/app_meta.o
LOAD ./Src/main.o
LOAD ./Src/syscalls.o
LOAD ./Src/sysmem.o
LOAD ./Startup/startup_stm32f103c8tx.o
LOAD ./drivers/Src/stm32f103xx_flash_driver.o
LOAD ./drivers/Src/stm32f103xx_gpio_drivers.o
LOAD ./drivers/Src/stm32f103xx_it_driver.o
LOAD ./drivers/Src/stm32f103xx_rcc_driver.o
LOAD ./drivers/Src/stm32f103xx_spi_driver.o
LOAD ./drivers/Src/stm32f103xx_usart_driver.o
START GROUP
LOAD D:/STM32CubeIDE_1.19.0/STM32CubeIDE/plugins/com.st.stm32cube.ide.mcu.externaltools.gnu-tools-for-stm32.13.3.rel1.win32_1.0.0.202411081344/tools/bin/../lib/gcc/arm-none-eabi/13.3.1/../../../../arm-none-eabi/lib/thumb/v7-m/nofp\libc_nano.a
LOAD D:/STM32CubeIDE_1.19.0/STM32CubeIDE/plugins/com.st.stm32cube.ide.mcu.externaltools.gnu-tools-for-stm32.13.3.rel1.win32_1.0.0.202411081344/tools/bin/../lib/gcc/arm-none-eabi/13.3.1/../../../../arm-none-eabi/lib/thumb/v7-m/nofp\libm.a
END GROUP
START GROUP
LOAD D:/STM32CubeIDE_1.19.0/STM32CubeIDE/plugins/com.st.stm32cube.ide.mcu.externaltools.gnu-tools-for-stm32.13.3.rel1.win32_1.0.0.202411081344/tools/bin/../lib/gcc/arm-none-eabi/13.3.1/thumb/v7-m/nofp\libgcc.a
LOAD D:/STM32CubeIDE_1.19.0/STM32CubeIDE/plugins/com.st.stm32cube.ide.mcu.externaltools.gnu-tools-for-stm32.13.3.rel1.win32_1.0.0.202411081344/tools/bin/../lib/gcc/arm-none-eabi/13.3.1/../../../../arm-none-eabi/lib/thumb/v7-m/nofp\libc_nano.a
END GROUP
START GROUP
LOAD D:/STM32CubeIDE_1.19.0/STM32CubeIDE/plugins/com.st.stm32cube.ide.mcu.externaltools.gnu-tools-for-stm32.13.3.rel1.win32_1.0.0.202411081344/tools/bin/../lib/gcc/arm-none-eabi/13.3.1/thumb/v7-m/nofp\libgcc.a
LOAD D:/STM32CubeIDE_1.19.0/STM32CubeIDE/plugins/com.st.stm32cube.ide.mcu.externaltools.gnu-tools-for-stm32.13.3.rel1.win32_1.0.0.202411081344/tools/bin/../lib/gcc/arm-none-eabi/13.3.1/../../../../arm-none-eabi/lib/thumb/v7-m/nofp\libc_nano.a
LOAD D:/STM32CubeIDE_1.19.0/STM32CubeIDE/plugins/com.st.stm32cube.ide.mcu.externaltools.gnu-tools-for-stm32.13.3.rel1.win32_1.0.0.202411081344/tools/bin/../lib/gcc/arm-none-eabi/13.3.1/../../../../arm-none-eabi/lib/thumb/v7-m/nofp\libnosys.a
END GROUP
START GROUP
LOAD D:/STM32CubeIDE_1.19.0/STM32CubeIDE/plugins/com.st.stm32cube.ide.mcu.externaltools.gnu-tools-for-stm32.13.3.rel1.win32_1.0.0.202411081344/tools/bin/../lib/gcc/arm-none-eabi/13.3.1/thumb/v7-m/nofp\libgcc.a
LOAD D:/STM32CubeIDE_1.19.0/STM32CubeIDE/plugins/com.st.stm32cube.ide.mcu.externaltools.gnu-tools-for-stm32.13.3.rel1.win32_1.0.0.202411081344/tools/bin/../lib/gcc/arm-none-eabi/13.3.1/../../../../arm-none-eabi/lib/thumb/v7-m/nofp\libc_nano.a
LOAD D:/STM32CubeIDE_1.19.0/STM32CubeIDE/plugins/com.st.stm32cube.ide.mcu.externaltools.gnu-tools-for-stm32.13.3.rel1.win32_1.0.0.202411081344/tools/bin/../lib/gcc/arm-none-eabi/13.3.1/../../../../arm-none-eabi/lib/thumb/v7-m/nofp\libnosys.a
END GROUP
LOAD D:/STM32CubeIDE_1.19.0/STM32CubeIDE/plugins/com.st.stm32cube.ide.mcu.externaltools.gnu-tools-for-stm32.13.3.rel1.win32_1.0.0.202411081344/tools/bin/../lib/gcc/arm-none-eabi/13.3.1/thumb/v7-m/nofp/crtend.o
LOAD D:/STM32CubeIDE_1.19.0/STM32CubeIDE/plugins/com.st.stm32cube.ide.mcu.externaltools.gnu-tools-for-stm32.13.3.rel1.win32_1.0.0.202411081344/tools/bin/../lib/gcc/arm-none-eabi/13.3.1/thumb/v7-m/nofp/crtn.o
                0x08004000                        APP_CUR_START = 0x8004000
                0x20005000                        _estack = (ORIGIN (RAM) + LENGTH (RAM))
                0x00000200                        _Min_Heap_Size = 0x200
                0x00000400                        _Min_Stack_Size = 0x400

.isr_vector     0x08004000      0x130
                0x08004000                        . = ALIGN (0x4)
 *(.isr_vector)
 .isr_vector    0x08004000      0x130 ./Startup/startup_stm32f103c8tx.o
                0x08004000                g_pfnVectors
                0x08004130                        . = ALIGN (0x4)

.text           0x08004130      0x4c0
                0x08004130                        . = ALIGN (0x4)
 *(.text)
 .text          0x08004130       0x40 D:/STM32CubeIDE_1.19.0/STM32CubeIDE/plugins/com.st.stm32cube.ide.mcu.externaltools.gnu-tools-for-stm32.13.3.rel1.win32_1.0.0.202411081344/tools/bin/../lib/gcc/arm-none-eabi/13.3.1/thumb/v7-m/nofp/crtbegin.o
 *(.text*)
 .text.clock_init
                0x08004170       0x40 ./Src/main.o
 .text.led_init
                0x080041b0       0x38 ./Src/main.o
 .text.led_toggle
                0x080041e8       0x38 ./Src/main.o
 .text.delay    0x08004220       0x22 ./Src/main.o
 *fill*         0x08004242        0x2 
 .text.ensure_footer_valid
                0x08004244       0x4c ./Src/main.o
 .text.main     0x08004290       0x24 ./Src/main.o
                0x08004290                main
 .text.Reset_Handler
                0x080042b4       0x50 ./Startup/startup_stm32f103c8tx.o
                0x080042b4                Reset_Handler
 .text.Default_Handler
                0x08004304        0x2 ./Startup/startup_stm32f103c8tx.o
                0x08004304                TIM8_TRG_COM_IRQHandler
                0x08004304                TIM8_CC_IRQHandler
                0x08004304                DebugMon_Handler
                0x08004304                TIM1_CC_IRQHandler
                0x08004304                HardFault_Handler
                0x08004304                TIM6_IRQHandler
                0x08004304                SysTick_Handler
                0x08004304                PVD_IRQHandler
                0x08004304                SDIO_IRQHandler
                0x08004304                PendSV_Handler
                0x08004304                NMI_Handler
                0x08004304                USB_HP_CAN_TX_IRQHandler
                0x08004304                I2C2_EV_IRQHandler
                0x08004304                UsageFault_Handler
                0x08004304                ADC1_2_IRQHandler
                0x08004304                SPI1_IRQHandler
                0x08004304                CAN_SCE_IRQHandler
                0x08004304                TAMPER_IRQHandler
                0x08004304                TIM8_UP_IRQHandler
                0x08004304                DMA2_Channel2_IRQHandler
                0x08004304                DMA1_Channel4_IRQHandler
                0x08004304                USART3_IRQHandler
                0x08004304                RTC_IRQHandler
                0x08004304                DMA1_Channel7_IRQHandler
                0x08004304                UART5_IRQHandler
                0x08004304                ADC3_IRQHandler
                0x08004304                TIM4_IRQHandler
                0x08004304                CAN_RX1_IRQHandler
                0x08004304                DMA2_Channel1_IRQHandler
                0x08004304                I2C1_EV_IRQHandler
                0x08004304                DMA1_Channel6_IRQHandler
                0x08004304                UART4_IRQHandler
                0x08004304                TIM3_IRQHandler
                0x08004304                RCC_IRQHandler
                0x08004304                TIM1_TRG_COM_IRQHandler
                0x08004304                DMA1_Channel1_IRQHandler
                0x08004304                Default_Handler
                0x08004304                TIM7_IRQHandler
                0x08004304                TIM5_IRQHandler
                0x08004304                SPI2_IRQHandler
                0x08004304                USB_LP_CAN_RX0_IRQHandler
                0x08004304                MemManage_Handler
                0x08004304                SVC_Handler
                0x08004304                DMA1_Channel5_IRQHandler
                0x08004304                DMA1_Channel3_IRQHandler
                0x08004304                FSMC_IRQHandler
                0x08004304                TIM1_UP_IRQHandler
                0x08004304                WWDG_IRQHandler
                0x08004304                TIM2_IRQHandler
                0x08004304                TIM1_BRK_IRQHandler
                0x08004304                RTCAlarm_IRQHandler
                0x08004304                DMA2_Channel4_5_IRQHandler
                0x08004304                USART2_IRQHandler
                0x08004304                I2C2_ER_IRQHandler
                0x08004304                DMA1_Channel2_IRQHandler
                0x08004304                TIM8_BRK_IRQHandler
                0x08004304                FLASH_IRQHandler
                0x08004304                BusFault_Handler
                0x08004304                USART1_IRQHandler
                0x08004304                SPI3_IRQHandler
                0x08004304                I2C1_ER_IRQHandler
                0x08004304                DMA2_Channel3_IRQHandler
 *fill*         0x08004306        0x2 
 .text.FLASH_Unlock
                0x08004308       0x24 ./drivers/Src/stm32f103xx_flash_driver.o
 .text.FLASH_Lock
                0x0800432c       0x1c ./drivers/Src/stm32f103xx_flash_driver.o
 .text.FLASH_Write_Data
                0x08004348       0xe0 ./drivers/Src/stm32f103xx_flash_driver.o
                0x08004348                FLASH_Write_Data
 .text.FLASH_Erase
                0x08004428       0x50 ./drivers/Src/stm32f103xx_flash_driver.o
                0x08004428                FLASH_Erase
 .text.GPIO_IRQHandling
                0x08004478       0x34 ./drivers/Src/stm32f103xx_gpio_drivers.o
                0x08004478                GPIO_IRQHandling
 .text.EXTI0_IRQHandler
                0x080044ac        0xe ./drivers/Src/stm32f103xx_gpio_drivers.o
                0x080044ac                EXTI0_IRQHandler
 .text.EXTI1_IRQHandler
                0x080044ba        0xe ./drivers/Src/stm32f103xx_gpio_drivers.o
                0x080044ba                EXTI1_IRQHandler
 .text.EXTI2_IRQHandler
                0x080044c8        0xe ./drivers/Src/stm32f103xx_gpio_drivers.o
                0x080044c8                EXTI2_IRQHandler
 .text.EXTI3_IRQHandler
                0x080044d6        0xe ./drivers/Src/stm32f103xx_gpio_drivers.o
                0x080044d6                EXTI3_IRQHandler
 .text.EXTI4_IRQHandler
                0x080044e4        0xe ./drivers/Src/stm32f103xx_gpio_drivers.o
                0x080044e4                EXTI4_IRQHandler
 *fill*         0x080044f2        0x2 
 .text.EXTI9_5_IRQHandler
                0x080044f4       0x44 ./drivers/Src/stm32f103xx_gpio_drivers.o
                0x080044f4                EXTI9_5_IRQHandler
 .text.EXTI15_10_IRQHandler
                0x08004538       0x44 ./drivers/Src/stm32f103xx_gpio_drivers.o
                0x08004538                EXTI15_10_IRQHandler
 .text.GPIO_ExternalInterruptEventsCallback
                0x0800457c       0x14 ./drivers/Src/stm32f103xx_gpio_drivers.o
                0x0800457c                GPIO_ExternalInterruptEventsCallback
 .text.__libc_init_array
                0x08004590       0x48 D:/STM32CubeIDE_1.19.0/STM32CubeIDE/plugins/com.st.stm32cube.ide.mcu.externaltools.gnu-tools-for-stm32.13.3.rel1.win32_1.0.0.202411081344/tools/bin/../lib/gcc/arm-none-eabi/13.3.1/../../../../arm-none-eabi/lib/thumb/v7-m/nofp\libc_nano.a(libc_a-init.o)
                0x08004590                __libc_init_array
 *(.glue_7)
 .glue_7        0x080045d8        0x0 linker stubs
 *(.glue_7t)
 .glue_7t       0x080045d8        0x0 linker stubs
 *(.eh_frame)
 .eh_frame      0x080045d8        0x0 D:/STM32CubeIDE_1.19.0/STM32CubeIDE/plugins/com.st.stm32cube.ide.mcu.externaltools.gnu-tools-for-stm32.13.3.rel1.win32_1.0.0.202411081344/tools/bin/../lib/gcc/arm-none-eabi/13.3.1/thumb/v7-m/nofp/crtbegin.o
 *(.init)
 .init          0x080045d8        0x4 D:/STM32CubeIDE_1.19.0/STM32CubeIDE/plugins/com.st.stm32cube.ide.mcu.externaltools.gnu-tools-for-stm32.13.3.rel1.win32_1.0.0.202411081344/tools/bin/../lib/gcc/arm-none-eabi/13.3.1/thumb/v7-m/nofp/crti.o
                0x080045d8                _init
 .init          0x080045dc        0x8 D:/STM32CubeIDE_1.19.0/STM32CubeIDE/plugins/com.st.stm32cube.ide.mcu.externaltools.gnu-tools-for-stm32.13.3.rel1.win32_1.0.0.202411081344/tools/bin/../lib/gcc/arm-none-eabi/13.3.1/thumb/v7-m/nofp/crtn.o
 *(.fini)
 .fini          0x080045e4        0x4 D:/STM32CubeIDE_1.19.0/STM32CubeIDE/plugins/com.st.stm32cube.ide.mcu.externaltools.gnu-tools-for-stm32.13.3.rel1.win32_1.0.0.202411081344/tools/bin/../lib/gcc/arm-none-eabi/13.3.1/thumb/v7-m/nofp/crti.o
                0x080045e4                _fini
 .fini          0x080045e8        0x8 D:/STM32CubeIDE_1.19.0/STM32CubeIDE/plugins/com.st.stm32cube.ide.mcu.externaltools.gnu-tools-for-stm32.13.3.rel1.win32_1.0.0.202411081344/tools/bin/../lib/gcc/arm-none-eabi/13.3.1/thumb/v7-m/nofp/crtn.o
                0x080045f0                        . = ALIGN (0x4)
                0x080045f0                        _etext = .

.vfp11_veneer   0x080045f0        0x0
 .vfp11_veneer  0x080045f0        0x0 linker stubs

.v4_bx          0x080045f0        0x0
 .v4_bx         0x080045f0        0x0 linker stubs

.iplt           0x080045f0        0x0
 .iplt          0x080045f0        0x0 D:/STM32CubeIDE_1.19.0/STM32CubeIDE/plugins/com.st.stm32cube.ide.mcu.externaltools.gnu-tools-for-stm32.13.3.rel1.win32_1.0.0.202411081344/tools/bin/../lib/gcc/arm-none-eabi/13.3.1/thumb/v7-m/nofp/crtbegin.o

.rodata         0x080045f0        0x0
                0x080045f0                        . = ALIGN (0x4)
 *(.rodata)
 *(.rodata*)
                0x080045f0                        . = ALIGN (0x4)

.ARM.extab      0x080045f0        0x0
                0x080045f0                        . = ALIGN (0x4)
 *(.ARM.extab* .gnu.linkonce.armextab.*)
                0x080045f0                        . = ALIGN (0x4)

.ARM            0x080045f0        0x0
                0x080045f0                        . = ALIGN (0x4)
                0x080045f0                        __exidx_start = .
 *(.ARM.exidx*)
                0x080045f0                        __exidx_end = .
                0x080045f0                        . = ALIGN (0x4)

.preinit_array  0x080045f0        0x0
                0x080045f0                        . = ALIGN (0x4)
                0x080045f0                        PROVIDE (__preinit_array_start = .)
 *(.preinit_array*)
                0x080045f0                        PROVIDE (__preinit_array_end = .)
                0x080045f0                        . = ALIGN (0x4)

.init_array     0x080045f0        0x4
                0x080045f0                        . = ALIGN (0x4)
                0x080045f0                        PROVIDE (__init_array_start = .)
 *(SORT_BY_NAME(.init_array.*))
 *(.init_array*)
 .init_array    0x080045f0        0x4 D:/STM32CubeIDE_1.19.0/STM32CubeIDE/plugins/com.st.stm32cube.ide.mcu.externaltools.gnu-tools-for-stm32.13.3.rel1.win32_1.0.0.202411081344/tools/bin/../lib/gcc/arm-none-eabi/13.3.1/thumb/v7-m/nofp/crtbegin.o
                0x080045f4                        PROVIDE (__init_array_end = .)
                0x080045f4                        . = ALIGN (0x4)

.fini_array     0x080045f4        0x4
                0x080045f4                        . = ALIGN (0x4)
                [!provide]                        PROVIDE (__fini_array_start = .)
 *(SORT_BY_NAME(.fini_array.*))
 *(.fini_array*)
 .fini_array    0x080045f4        0x4 D:/STM32CubeIDE_1.19.0/STM32CubeIDE/plugins/com.st.stm32cube.ide.mcu.externaltools.gnu-tools-for-stm32.13.3.rel1.win32_1.0.0.202411081344/tools/bin/../lib/gcc/arm-none-eabi/13.3.1/thumb/v7-m/nofp/crtbegin.o
                [!provide]                        PROVIDE (__fini_array_end = .)
                0x080045f8                        . = ALIGN (0x4)
                0x080045f0                        _sidata = LOADADDR (.data)

.rel.dyn        0x080045f8        0x0
 .rel.iplt      0x080045f8        0x0 D:/STM32CubeIDE_1.19.0/STM32CubeIDE/plugins/com.st.stm32cube.ide.mcu.externaltools.gnu-tools-for-stm32.13.3.rel1.win32_1.0.0.202411081344/tools/bin/../lib/gcc/arm-none-eabi/13.3.1/thumb/v7-m/nofp/crtbegin.o

.data           0x20000000        0x0 load address 0x080045f0
                0x20000000                        . = ALIGN (0x4)
                0x20000000                        _sdata = .
 *(.data)
 *(.data*)
 *(.RamFunc)
 *(.RamFunc*)
                0x20000000                        . = ALIGN (0x4)
                0x20000000                        _edata = .

.igot.plt       0x20000000        0x0
 .igot.plt      0x20000000        0x0 D:/STM32CubeIDE_1.19.0/STM32CubeIDE/plugins/com.st.stm32cube.ide.mcu.externaltools.gnu-tools-for-stm32.13.3.rel1.win32_1.0.0.202411081344/tools/bin/../lib/gcc/arm-none-eabi/13.3.1/thumb/v7-m/nofp/crtbegin.o
                0x20000000                        . = ALIGN (0x4)

.bss            0x20000000       0x1c
                0x20000000                        _sbss = .
                0x20000000                        __bss_start__ = _sbss
 *(.bss)
 .bss           0x20000000       0x1c D:/STM32CubeIDE_1.19.0/STM32CubeIDE/plugins/com.st.stm32cube.ide.mcu.externaltools.gnu-tools-for-stm32.13.3.rel1.win32_1.0.0.202411081344/tools/bin/../lib/gcc/arm-none-eabi/13.3.1/thumb/v7-m/nofp/crtbegin.o
 *(.bss*)
 *(COMMON)
                0x2000001c                        . = ALIGN (0x4)
                0x2000001c                        _ebss = .
                0x2000001c                        __bss_end__ = _ebss

._user_heap_stack
                0x2000001c      0x604
                0x20000020                        . = ALIGN (0x8)
 *fill*         0x2000001c        0x4 
                [!provide]                        PROVIDE (end = .)
                0x20000020                        PROVIDE (_end = .)
                0x20000220                        . = (. + _Min_Heap_Size)
 *fill*         0x20000020      0x200 
                0x20000620                        . = (. + _Min_Stack_Size)
 *fill*         0x20000220      0x400 
                0x20000620                        . = ALIGN (0x8)

.app_cur_metadata
                0x0800fc00        0x0
                0x0800fc00                        . = ALIGN (0x4)
 *(.app_metadata)
                0x0800fc00                        . = ALIGN (0x4)
                [!provide]                        PROVIDE (__app_cur_meta_start = ORIGIN (FLASH_APP_CUR_META))
                [!provide]                        PROVIDE (__app_cur_meta_end = (ORIGIN (FLASH_APP_CUR_META) + LENGTH (FLASH_APP_CUR_META)))

/DISCARD/
 libc.a(*)
 libm.a(*)
 libgcc.a(*)

.ARM.attributes
                0x00000000       0x29
 *(.ARM.attributes)
 .ARM.attributes
                0x00000000       0x1d D:/STM32CubeIDE_1.19.0/STM32CubeIDE/plugins/com.st.stm32cube.ide.mcu.externaltools.gnu-tools-for-stm32.13.3.rel1.win32_1.0.0.202411081344/tools/bin/../lib/gcc/arm-none-eabi/13.3.1/thumb/v7-m/nofp/crti.o
 .ARM.attributes
                0x0000001d       0x2d D:/STM32CubeIDE_1.19.0/STM32CubeIDE/plugins/com.st.stm32cube.ide.mcu.externaltools.gnu-tools-for-stm32.13.3.rel1.win32_1.0.0.202411081344/tools/bin/../lib/gcc/arm-none-eabi/13.3.1/thumb/v7-m/nofp/crtbegin.o
 .ARM.attributes
                0x0000004a       0x2d ./Src/main.o
 .ARM.attributes
                0x00000077       0x21 ./Startup/startup_stm32f103c8tx.o
 .ARM.attributes
                0x00000098       0x2d ./drivers/Src/stm32f103xx_flash_driver.o
 .ARM.attributes
                0x000000c5       0x2d ./drivers/Src/stm32f103xx_gpio_drivers.o
 .ARM.attributes
                0x000000f2       0x2d D:/STM32CubeIDE_1.19.0/STM32CubeIDE/plugins/com.st.stm32cube.ide.mcu.externaltools.gnu-tools-for-stm32.13.3.rel1.win32_1.0.0.202411081344/tools/bin/../lib/gcc/arm-none-eabi/13.3.1/../../../../arm-none-eabi/lib/thumb/v7-m/nofp\libc_nano.a(libc_a-init.o)
 .ARM.attributes
                0x0000011f       0x1d D:/STM32CubeIDE_1.19.0/STM32CubeIDE/plugins/com.st.stm32cube.ide.mcu.externaltools.gnu-tools-for-stm32.13.3.rel1.win32_1.0.0.202411081344/tools/bin/../lib/gcc/arm-none-eabi/13.3.1/thumb/v7-m/nofp/crtn.o
OUTPUT(APP_CURRENT.elf elf32-littlearm)
LOAD linker stubs
LOAD D:/STM32CubeIDE_1.19.0/STM32CubeIDE/plugins/com.st.stm32cube.ide.mcu.externaltools.gnu-tools-for-stm32.13.3.rel1.win32_1.0.0.202411081344/tools/bin/../lib/gcc/arm-none-eabi/13.3.1/../../../../arm-none-eabi/lib/thumb/v7-m/nofp\libc.a
LOAD D:/STM32CubeIDE_1.19.0/STM32CubeIDE/plugins/com.st.stm32cube.ide.mcu.externaltools.gnu-tools-for-stm32.13.3.rel1.win32_1.0.0.202411081344/tools/bin/../lib/gcc/arm-none-eabi/13.3.1/../../../../arm-none-eabi/lib/thumb/v7-m/nofp\libm.a
LOAD D:/STM32CubeIDE_1.19.0/STM32CubeIDE/plugins/com.st.stm32cube.ide.mcu.externaltools.gnu-tools-for-stm32.13.3.rel1.win32_1.0.0.202411081344/tools/bin/../lib/gcc/arm-none-eabi/13.3.1/thumb/v7-m/nofp\libgcc.a

.debug_info     0x00000000      0xc52
 .debug_info    0x00000000      0x2f1 ./Src/main.o
 .debug_info    0x000002f1       0x30 ./Startup/startup_stm32f103c8tx.o
 .debug_info    0x00000321      0x28c ./drivers/Src/stm32f103xx_flash_driver.o
 .debug_info    0x000005ad      0x6a5 ./drivers/Src/stm32f103xx_gpio_drivers.o

.debug_abbrev   0x00000000      0x457
 .debug_abbrev  0x00000000      0x154 ./Src/main.o
 .debug_abbrev  0x00000154       0x24 ./Startup/startup_stm32f103c8tx.o
 .debug_abbrev  0x00000178       0xfe ./drivers/Src/stm32f103xx_flash_driver.o
 .debug_abbrev  0x00000276      0x1e1 ./drivers/Src/stm32f103xx_gpio_drivers.o

.debug_aranges  0x00000000      0x158
 .debug_aranges
                0x00000000       0x48 ./Src/main.o
 .debug_aranges
                0x00000048       0x28 ./Startup/startup_stm32f103c8tx.o
 .debug_aranges
                0x00000070       0x40 ./drivers/Src/stm32f103xx_flash_driver.o
 .debug_aranges
                0x000000b0       0xa8 ./drivers/Src/stm32f103xx_gpio_drivers.o

.debug_rnglists
                0x00000000       0xf2
 .debug_rnglists
                0x00000000       0x31 ./Src/main.o
 .debug_rnglists
                0x00000031       0x19 ./Startup/startup_stm32f103c8tx.o
 .debug_rnglists
                0x0000004a       0x2c ./drivers/Src/stm32f103xx_flash_driver.o
 .debug_rnglists
                0x00000076       0x7c ./drivers/Src/stm32f103xx_gpio_drivers.o

.debug_macro    0x00000000      0x519
 .debug_macro   0x00000000       0xd5 ./Src/main.o
 .debug_macro   0x000000d5       0x70 ./Src/main.o
 .debug_macro   0x00000145       0x1c ./Src/main.o
 .debug_macro   0x00000161       0xc4 ./drivers/Src/stm32f103xx_flash_driver.o
 .debug_macro   0x00000225       0xc4 ./drivers/Src/stm32f103xx_gpio_drivers.o
 .debug_macro   0x000002e9      0x230 ./drivers/Src/stm32f103xx_gpio_drivers.o

.debug_line     0x00000000     0x17c7
 .debug_line    0x00000000      0x634 ./Src/main.o
 .debug_line    0x00000634       0x7b ./Startup/startup_stm32f103c8tx.o
 .debug_line    0x000006af      0x69a ./drivers/Src/stm32f103xx_flash_driver.o
 .debug_line    0x00000d49      0xa7e ./drivers/Src/stm32f103xx_gpio_drivers.o

.debug_str      0x00000000     0x7d1a
 .debug_str     0x00000000     0x7d1a ./Src/main.o
                               0x7b51 (size before relaxing)
 .debug_str     0x00007d1a       0x94 ./Startup/startup_stm32f103c8tx.o
 .debug_str     0x00007d1a     0x7b07 ./drivers/Src/stm32f103xx_flash_driver.o
 .debug_str     0x00007d1a     0x7d06 ./drivers/Src/stm32f103xx_gpio_drivers.o

.comment        0x00000000       0x43
 .comment       0x00000000       0x43 ./Src/main.o
                                 0x44 (size before relaxing)
 .comment       0x00000043       0x44 ./drivers/Src/stm32f103xx_flash_driver.o
 .comment       0x00000043       0x44 ./drivers/Src/stm32f103xx_gpio_drivers.o

.debug_frame    0x00000000      0x460
 .debug_frame   0x00000000       0xd8 ./Src/main.o
 .debug_frame   0x000000d8       0xc4 ./drivers/Src/stm32f103xx_flash_driver.o
 .debug_frame   0x0000019c      0x298 ./drivers/Src/stm32f103xx_gpio_drivers.o
 .debug_frame   0x00000434       0x2c D:/STM32CubeIDE_1.19.0/STM32CubeIDE/plugins/com.st.stm32cube.ide.mcu.externaltools.gnu-tools-for-stm32.13.3.rel1.win32_1.0.0.202411081344/tools/bin/../lib/gcc/arm-none-eabi/13.3.1/../../../../arm-none-eabi/lib/thumb/v7-m/nofp\libc_nano.a(libc_a-init.o)

.debug_line_str
                0x00000000       0x78
 .debug_line_str
                0x00000000       0x78 ./Startup/startup_stm32f103c8tx.o
